Analysis & Synthesis report for mse
Sun Jun 23 20:04:03 2013
Quartus II 32-bit Version 12.1 Build 243 01/31/2013 Service Pack 1 SJ Full Version


---------------------
; Table of Contents ;
---------------------
  1. Legal Notice
  2. Analysis & Synthesis Summary
  3. Analysis & Synthesis Settings
  4. Parallel Compilation
  5. Analysis & Synthesis Source Files Read
  6. Analysis & Synthesis Resource Usage Summary
  7. Analysis & Synthesis Resource Utilization by Entity
  8. General Register Statistics
  9. Multiplexer Restructuring Statistics (Restructuring Performed)
 10. Parameter Settings for User Entity Instance: Top-level Entity: |port_io_interface
 11. Analysis & Synthesis Messages



----------------
; Legal Notice ;
----------------
Copyright (C) 1991-2012 Altera Corporation
Your use of Altera Corporation's design tools, logic functions 
and other software and tools, and its AMPP partner logic 
functions, and any output files from any of the foregoing 
(including device programming or simulation files), and any 
associated documentation or information are expressly subject 
to the terms and conditions of the Altera Program License 
Subscription Agreement, Altera MegaCore Function License 
Agreement, or other applicable license agreement, including, 
without limitation, that your use is for the sole purpose of 
programming logic devices manufactured by Altera and sold by 
Altera or its authorized distributors.  Please refer to the 
applicable agreement for further details.



+------------------------------------------------------------------------------+
; Analysis & Synthesis Summary                                                 ;
+-----------------------------+------------------------------------------------+
; Analysis & Synthesis Status ; Successful - Sun Jun 23 20:04:03 2013          ;
; Quartus II 32-bit Version   ; 12.1 Build 243 01/31/2013 SP 1 SJ Full Version ;
; Revision Name               ; mse                                            ;
; Top-level Entity Name       ; port_io_interface                              ;
; Family                      ; MAX II                                         ;
; Total logic elements        ; 98                                             ;
; Total pins                  ; 90                                             ;
; Total virtual pins          ; 0                                              ;
; UFM blocks                  ; 0 / 1 ( 0 % )                                  ;
+-----------------------------+------------------------------------------------+


+----------------------------------------------------------------------------------------------------------------------+
; Analysis & Synthesis Settings                                                                                        ;
+----------------------------------------------------------------------------+--------------------+--------------------+
; Option                                                                     ; Setting            ; Default Value      ;
+----------------------------------------------------------------------------+--------------------+--------------------+
; Device                                                                     ; EPM1270T144C5      ;                    ;
; Top-level entity name                                                      ; port_io_interface  ; mse                ;
; Family name                                                                ; MAX II             ; Cyclone IV GX      ;
; Use smart compilation                                                      ; Off                ; Off                ;
; Enable parallel Assembler and TimeQuest Timing Analyzer during compilation ; On                 ; On                 ;
; Enable compact report table                                                ; Off                ; Off                ;
; Restructure Multiplexers                                                   ; Auto               ; Auto               ;
; Create Debugging Nodes for IP Cores                                        ; Off                ; Off                ;
; Preserve fewer node names                                                  ; On                 ; On                 ;
; Disable OpenCore Plus hardware evaluation                                  ; Off                ; Off                ;
; Verilog Version                                                            ; Verilog_2001       ; Verilog_2001       ;
; VHDL Version                                                               ; VHDL_1993          ; VHDL_1993          ;
; State Machine Processing                                                   ; Auto               ; Auto               ;
; Safe State Machine                                                         ; Off                ; Off                ;
; Extract Verilog State Machines                                             ; On                 ; On                 ;
; Extract VHDL State Machines                                                ; On                 ; On                 ;
; Ignore Verilog initial constructs                                          ; Off                ; Off                ;
; Iteration limit for constant Verilog loops                                 ; 5000               ; 5000               ;
; Iteration limit for non-constant Verilog loops                             ; 250                ; 250                ;
; Add Pass-Through Logic to Inferred RAMs                                    ; On                 ; On                 ;
; Infer RAMs from Raw Logic                                                  ; On                 ; On                 ;
; Parallel Synthesis                                                         ; On                 ; On                 ;
; NOT Gate Push-Back                                                         ; On                 ; On                 ;
; Power-Up Don't Care                                                        ; On                 ; On                 ;
; Remove Redundant Logic Cells                                               ; Off                ; Off                ;
; Remove Duplicate Registers                                                 ; On                 ; On                 ;
; Ignore CARRY Buffers                                                       ; Off                ; Off                ;
; Ignore CASCADE Buffers                                                     ; Off                ; Off                ;
; Ignore GLOBAL Buffers                                                      ; Off                ; Off                ;
; Ignore ROW GLOBAL Buffers                                                  ; Off                ; Off                ;
; Ignore LCELL Buffers                                                       ; Off                ; Off                ;
; Ignore SOFT Buffers                                                        ; On                 ; On                 ;
; Limit AHDL Integers to 32 Bits                                             ; Off                ; Off                ;
; Optimization Technique                                                     ; Balanced           ; Balanced           ;
; Carry Chain Length                                                         ; 70                 ; 70                 ;
; Auto Carry Chains                                                          ; On                 ; On                 ;
; Auto Open-Drain Pins                                                       ; On                 ; On                 ;
; Perform WYSIWYG Primitive Resynthesis                                      ; Off                ; Off                ;
; Auto Shift Register Replacement                                            ; Auto               ; Auto               ;
; Allow Shift Register Merging across Hierarchies                            ; Auto               ; Auto               ;
; Auto Clock Enable Replacement                                              ; On                 ; On                 ;
; Allow Synchronous Control Signals                                          ; On                 ; On                 ;
; Force Use of Synchronous Clear Signals                                     ; Off                ; Off                ;
; Auto Resource Sharing                                                      ; Off                ; Off                ;
; Use LogicLock Constraints during Resource Balancing                        ; On                 ; On                 ;
; Ignore translate_off and synthesis_off directives                          ; Off                ; Off                ;
; Report Parameter Settings                                                  ; On                 ; On                 ;
; Report Source Assignments                                                  ; On                 ; On                 ;
; Report Connectivity Checks                                                 ; On                 ; On                 ;
; Ignore Maximum Fan-Out Assignments                                         ; Off                ; Off                ;
; Synchronization Register Chain Length                                      ; 2                  ; 2                  ;
; PowerPlay Power Optimization                                               ; Normal compilation ; Normal compilation ;
; HDL message level                                                          ; Level2             ; Level2             ;
; Suppress Register Optimization Related Messages                            ; Off                ; Off                ;
; Number of Removed Registers Reported in Synthesis Report                   ; 5000               ; 5000               ;
; Number of Swept Nodes Reported in Synthesis Report                         ; 5000               ; 5000               ;
; Number of Inverted Registers Reported in Synthesis Report                  ; 100                ; 100                ;
; Clock MUX Protection                                                       ; On                 ; On                 ;
; Block Design Naming                                                        ; Auto               ; Auto               ;
; Synthesis Effort                                                           ; Auto               ; Auto               ;
; Shift Register Replacement - Allow Asynchronous Clear Signal               ; On                 ; On                 ;
; Pre-Mapping Resynthesis Optimization                                       ; Off                ; Off                ;
; Analysis & Synthesis Message Level                                         ; Medium             ; Medium             ;
; Disable Register Merging Across Hierarchies                                ; Auto               ; Auto               ;
; Synthesis Seed                                                             ; 1                  ; 1                  ;
+----------------------------------------------------------------------------+--------------------+--------------------+


+------------------------------------------+
; Parallel Compilation                     ;
+----------------------------+-------------+
; Processors                 ; Number      ;
+----------------------------+-------------+
; Number detected on machine ; 4           ;
; Maximum allowed            ; 4           ;
;                            ;             ;
; Average used               ; 1.00        ;
; Maximum used               ; 1           ;
;                            ;             ;
; Usage by Processor         ; % Time Used ;
;     1 processor            ; 100.0%      ;
;     2-4 processors         ;   0.0%      ;
+----------------------------+-------------+


+----------------------------------------------------------------------------------------------------------------------------------------------+
; Analysis & Synthesis Source Files Read                                                                                                       ;
+----------------------------------+-----------------+------------------------+------------------------------------------------------+---------+
; File Name with User-Entered Path ; Used in Netlist ; File Type              ; File Name with Absolute Path                         ; Library ;
+----------------------------------+-----------------+------------------------+------------------------------------------------------+---------+
; port_io_interface.v              ; yes             ; User Verilog HDL File  ; C:/Users/li/Documents/GitHub/mse/port_io_interface.v ;         ;
+----------------------------------+-----------------+------------------------+------------------------------------------------------+---------+


+-----------------------------------------------------+
; Analysis & Synthesis Resource Usage Summary         ;
+---------------------------------------------+-------+
; Resource                                    ; Usage ;
+---------------------------------------------+-------+
; Total logic elements                        ; 98    ;
;     -- Combinational with no register       ; 33    ;
;     -- Register only                        ; 48    ;
;     -- Combinational with a register        ; 17    ;
;                                             ;       ;
; Logic element usage by number of LUT inputs ;       ;
;     -- 4 input functions                    ; 31    ;
;     -- 3 input functions                    ; 7     ;
;     -- 2 input functions                    ; 11    ;
;     -- 1 input functions                    ; 1     ;
;     -- 0 input functions                    ; 0     ;
;                                             ;       ;
; Logic elements by mode                      ;       ;
;     -- normal mode                          ; 91    ;
;     -- arithmetic mode                      ; 7     ;
;     -- qfbk mode                            ; 0     ;
;     -- register cascade mode                ; 0     ;
;     -- synchronous clear/load mode          ; 8     ;
;     -- asynchronous clear/load mode         ; 0     ;
;                                             ;       ;
; Total registers                             ; 65    ;
; Total logic cells in carry chains           ; 8     ;
; I/O pins                                    ; 90    ;
; Maximum fan-out                             ; 65    ;
; Total fan-out                               ; 401   ;
; Average fan-out                             ; 2.13  ;
+---------------------------------------------+-------+


+----------------------------------------------------------------------------------------------------------------------------------------------------------------------------------------------------------------------+
; Analysis & Synthesis Resource Utilization by Entity                                                                                                                                                                  ;
+----------------------------+-------------+--------------+------------+------+--------------+--------------+-------------------+------------------+-----------------+------------+---------------------+--------------+
; Compilation Hierarchy Node ; Logic Cells ; LC Registers ; UFM Blocks ; Pins ; Virtual Pins ; LUT-Only LCs ; Register-Only LCs ; LUT/Register LCs ; Carry Chain LCs ; Packed LCs ; Full Hierarchy Name ; Library Name ;
+----------------------------+-------------+--------------+------------+------+--------------+--------------+-------------------+------------------+-----------------+------------+---------------------+--------------+
; |port_io_interface         ; 98 (98)     ; 65           ; 0          ; 90   ; 0            ; 33 (33)      ; 48 (48)           ; 17 (17)          ; 8 (8)           ; 0 (0)      ; |port_io_interface  ; work         ;
+----------------------------+-------------+--------------+------------+------+--------------+--------------+-------------------+------------------+-----------------+------------+---------------------+--------------+
Note: For table entries with two numbers listed, the numbers in parentheses indicate the number of resources of the given type used by the specific entity alone. The numbers listed outside of parentheses indicate the total resources of the given type used by the specific entity and all of its sub-entities in the hierarchy.


+------------------------------------------------------+
; General Register Statistics                          ;
+----------------------------------------------+-------+
; Statistic                                    ; Value ;
+----------------------------------------------+-------+
; Total registers                              ; 65    ;
; Number of registers using Synchronous Clear  ; 8     ;
; Number of registers using Synchronous Load   ; 0     ;
; Number of registers using Asynchronous Clear ; 0     ;
; Number of registers using Asynchronous Load  ; 0     ;
; Number of registers using Clock Enable       ; 48    ;
; Number of registers using Preset             ; 0     ;
+----------------------------------------------+-------+


+--------------------------------------------------------------------------------------------------------------------------------------------+
; Multiplexer Restructuring Statistics (Restructuring Performed)                                                                             ;
+--------------------+-----------+---------------+----------------------+------------------------+------------+------------------------------+
; Multiplexer Inputs ; Bus Width ; Baseline Area ; Area if Restructured ; Saving if Restructured ; Registered ; Example Multiplexer Output   ;
+--------------------+-----------+---------------+----------------------+------------------------+------------+------------------------------+
; 3:1                ; 8 bits    ; 16 LEs        ; 8 LEs                ; 8 LEs                  ; Yes        ; |port_io_interface|state[0]  ;
; 256:1              ; 8 bits    ; 1360 LEs      ; 16 LEs               ; 1344 LEs               ; Yes        ; |port_io_interface|data_r[0] ;
+--------------------+-----------+---------------+----------------------+------------------------+------------+------------------------------+


+-----------------------------------------------------------------------------------+
; Parameter Settings for User Entity Instance: Top-level Entity: |port_io_interface ;
+----------------+----------------------------------+-------------------------------+
; Parameter Name ; Value                            ; Type                          ;
+----------------+----------------------------------+-------------------------------+
; state_reset    ; 00000000                         ; Unsigned Binary               ;
; port0_dir      ; 00000000000000000000000000000001 ; Unsigned Binary               ;
; port0_read     ; 00000000000000000000000000000010 ; Unsigned Binary               ;
; port0_write    ; 00000000000000000000000000000011 ; Unsigned Binary               ;
; port1_dir      ; 00000000000000000000000000000100 ; Unsigned Binary               ;
; port1_read     ; 00000000000000000000000000000101 ; Unsigned Binary               ;
; port1_write    ; 00000000000000000000000000000110 ; Unsigned Binary               ;
; port2_dir      ; 00000000000000000000000000000111 ; Unsigned Binary               ;
; port2_read     ; 00000000000000000000000000001000 ; Unsigned Binary               ;
; port2_write    ; 00000000000000000000000000001001 ; Unsigned Binary               ;
; last           ; 00000000000000000000000000001010 ; Unsigned Binary               ;
+----------------+----------------------------------+-------------------------------+
Note: In order to hide this table in the UI and the text report file, please set the "Show Parameter Settings in Synthesis Report" option in "Analysis and Synthesis Settings -> More Settings" to "Off".


+-------------------------------+
; Analysis & Synthesis Messages ;
+-------------------------------+
Info: *******************************************************************
Info: Running Quartus II 32-bit Analysis & Synthesis
    Info: Version 12.1 Build 243 01/31/2013 Service Pack 1 SJ Full Version
    Info: Processing started: Sun Jun 23 20:04:01 2013
Info: Command: quartus_map --read_settings_files=on --write_settings_files=off mse -c mse
Info (20030): Parallel compilation is enabled and will use 4 of the 4 processors detected
Info (12021): Found 1 design units, including 1 entities, in source file mse.v
    Info (12023): Found entity 1: mse
Info (12021): Found 1 design units, including 1 entities, in source file inter_connect.v
    Info (12023): Found entity 1: inter_connect
Info (12021): Found 1 design units, including 1 entities, in source file qsys_root/mse_host.v
    Info (12023): Found entity 1: mse_host
Info (12021): Found 1 design units, including 1 entities, in source file port_io_interface.v
    Info (12023): Found entity 1: port_io_interface
Info (12021): Found 2 design units, including 2 entities, in source file flash.v
    Info (12023): Found entity 1: flash_altufm_parallel_71o
    Info (12023): Found entity 2: flash
Info (12127): Elaborating entity "port_io_interface" for the top level hierarchy
Warning (13039): The following bidir pins have no drivers
    Warning (13040): Bidir "port3[0]" has no driver
    Warning (13040): Bidir "port3[1]" has no driver
    Warning (13040): Bidir "port3[2]" has no driver
    Warning (13040): Bidir "port3[3]" has no driver
    Warning (13040): Bidir "port3[4]" has no driver
    Warning (13040): Bidir "port3[5]" has no driver
    Warning (13040): Bidir "port3[6]" has no driver
    Warning (13040): Bidir "port3[7]" has no driver
    Warning (13040): Bidir "port4[0]" has no driver
    Warning (13040): Bidir "port4[1]" has no driver
    Warning (13040): Bidir "port4[2]" has no driver
    Warning (13040): Bidir "port4[3]" has no driver
    Warning (13040): Bidir "port4[4]" has no driver
    Warning (13040): Bidir "port4[5]" has no driver
    Warning (13040): Bidir "port4[6]" has no driver
    Warning (13040): Bidir "port4[7]" has no driver
    Warning (13040): Bidir "port5[0]" has no driver
    Warning (13040): Bidir "port5[1]" has no driver
    Warning (13040): Bidir "port5[2]" has no driver
    Warning (13040): Bidir "port5[3]" has no driver
    Warning (13040): Bidir "port5[4]" has no driver
    Warning (13040): Bidir "port5[5]" has no driver
    Warning (13040): Bidir "port5[6]" has no driver
    Warning (13040): Bidir "port5[7]" has no driver
    Warning (13040): Bidir "port6[0]" has no driver
    Warning (13040): Bidir "port6[1]" has no driver
    Warning (13040): Bidir "port6[2]" has no driver
    Warning (13040): Bidir "port6[3]" has no driver
    Warning (13040): Bidir "port6[4]" has no driver
    Warning (13040): Bidir "port6[5]" has no driver
    Warning (13040): Bidir "port6[6]" has no driver
    Warning (13040): Bidir "port6[7]" has no driver
    Warning (13040): Bidir "port7[0]" has no driver
    Warning (13040): Bidir "port7[1]" has no driver
    Warning (13040): Bidir "port7[2]" has no driver
    Warning (13040): Bidir "port7[3]" has no driver
    Warning (13040): Bidir "port7[4]" has no driver
    Warning (13040): Bidir "port7[5]" has no driver
    Warning (13040): Bidir "port7[6]" has no driver
    Warning (13040): Bidir "port7[7]" has no driver
    Warning (13040): Bidir "port8[0]" has no driver
    Warning (13040): Bidir "port8[1]" has no driver
    Warning (13040): Bidir "port8[2]" has no driver
    Warning (13040): Bidir "port8[3]" has no driver
    Warning (13040): Bidir "port8[4]" has no driver
    Warning (13040): Bidir "port8[5]" has no driver
    Warning (13040): Bidir "port8[6]" has no driver
    Warning (13040): Bidir "port8[7]" has no driver
    Warning (13040): Bidir "port9[0]" has no driver
    Warning (13040): Bidir "port9[1]" has no driver
    Warning (13040): Bidir "port9[2]" has no driver
    Warning (13040): Bidir "port9[3]" has no driver
    Warning (13040): Bidir "port9[4]" has no driver
    Warning (13040): Bidir "port9[5]" has no driver
    Warning (13040): Bidir "port9[6]" has no driver
    Warning (13040): Bidir "port9[7]" has no driver
Info (21057): Implemented 188 device resources after synthesis - the final resource count might be different
    Info (21058): Implemented 2 input pins
    Info (21059): Implemented 0 output pins
    Info (21060): Implemented 88 bidirectional pins
    Info (21061): Implemented 98 logic cells
Info: Quartus II 32-bit Analysis & Synthesis was successful. 0 errors, 57 warnings
    Info: Peak virtual memory: 337 megabytes
    Info: Processing ended: Sun Jun 23 20:04:03 2013
    Info: Elapsed time: 00:00:02
    Info: Total CPU time (on all processors): 00:00:02


