TimeQuest Timing Analyzer report for mse
Sat Jun 29 11:26:28 2013
Quartus II 32-bit Version 12.1 Build 243 01/31/2013 Service Pack 1 SJ Full Version


---------------------
; Table of Contents ;
---------------------
  1. Legal Notice
  2. TimeQuest Timing Analyzer Summary
  3. Parallel Compilation
  4. Clocks
  5. Fmax Summary
  6. Setup Summary
  7. Hold Summary
  8. Recovery Summary
  9. Removal Summary
 10. Minimum Pulse Width Summary
 11. Setup: 'flash|maxii_ufm_block1|osc'
 12. Hold: 'flash|maxii_ufm_block1|osc'
 13. Minimum Pulse Width: 'flash|maxii_ufm_block1|osc'
 14. Propagation Delay
 15. Minimum Propagation Delay
 16. Setup Transfers
 17. Hold Transfers
 18. Report TCCS
 19. Report RSKM
 20. Unconstrained Paths
 21. TimeQuest Timing Analyzer Messages



----------------
; Legal Notice ;
----------------
Copyright (C) 1991-2012 Altera Corporation
Your use of Altera Corporation's design tools, logic functions 
and other software and tools, and its AMPP partner logic 
functions, and any output files from any of the foregoing 
(including device programming or simulation files), and any 
associated documentation or information are expressly subject 
to the terms and conditions of the Altera Program License 
Subscription Agreement, Altera MegaCore Function License 
Agreement, or other applicable license agreement, including, 
without limitation, that your use is for the sole purpose of 
programming logic devices manufactured by Altera and sold by 
Altera or its authorized distributors.  Please refer to the 
applicable agreement for further details.



+---------------------------------------------------------------------------------------+
; TimeQuest Timing Analyzer Summary                                                     ;
+--------------------+------------------------------------------------------------------+
; Quartus II Version ; Version 12.1 Build 243 01/31/2013 Service Pack 1 SJ Full Version ;
; Revision Name      ; mse                                                              ;
; Device Family      ; MAX II                                                           ;
; Device Name        ; EPM1270T144C5                                                    ;
; Timing Models      ; Final                                                            ;
; Delay Model        ; Slow Model                                                       ;
; Rise/Fall Delays   ; Unavailable                                                      ;
+--------------------+------------------------------------------------------------------+


+------------------------------------------+
; Parallel Compilation                     ;
+----------------------------+-------------+
; Processors                 ; Number      ;
+----------------------------+-------------+
; Number detected on machine ; 4           ;
; Maximum allowed            ; 4           ;
;                            ;             ;
; Average used               ; 1.00        ;
; Maximum used               ; 1           ;
;                            ;             ;
; Usage by Processor         ; % Time Used ;
;     1 processor            ; 100.0%      ;
;     2-4 processors         ;   0.0%      ;
+----------------------------+-------------+


+-------------------------------------------------------------------------------------------------------------------------------------------------------------------------------------------------------------------------+
; Clocks                                                                                                                                                                                                                  ;
+----------------------------+------+---------+-----------+-------+--------+------------+-----------+-------------+-------+--------+-----------+------------+----------+--------+--------+--------------------------------+
; Clock Name                 ; Type ; Period  ; Frequency ; Rise  ; Fall   ; Duty Cycle ; Divide by ; Multiply by ; Phase ; Offset ; Edge List ; Edge Shift ; Inverted ; Master ; Source ; Targets                        ;
+----------------------------+------+---------+-----------+-------+--------+------------+-----------+-------------+-------+--------+-----------+------------+----------+--------+--------+--------------------------------+
; flash|maxii_ufm_block1|osc ; Base ; 181.818 ; 5.5 MHz   ; 0.000 ; 90.909 ;            ;           ;             ;       ;        ;           ;            ;          ;        ;        ; { flash|maxii_ufm_block1|osc } ;
+----------------------------+------+---------+-----------+-------+--------+------------+-----------+-------------+-------+--------+-----------+------------+----------+--------+--------+--------------------------------+


+----------------------------------------------------------------+
; Fmax Summary                                                   ;
+----------+-----------------+----------------------------+------+
; Fmax     ; Restricted Fmax ; Clock Name                 ; Note ;
+----------+-----------------+----------------------------+------+
; 10.0 MHz ; 10.0 MHz        ; flash|maxii_ufm_block1|osc ;      ;
+----------+-----------------+----------------------------+------+
This panel reports FMAX for every clock in the design, regardless of the user-specified clock periods.  FMAX is only computed for paths where the source and destination registers or ports are driven by the same clock.  Paths of different clocks, including generated clocks, are ignored.  For paths between a clock and its inversion, FMAX is computed as if the rising and falling edges are scaled along with FMAX, such that the duty cycle (in terms of a percentage) is maintained. Altera recommends that you always use clock constraints and other slack reports for sign-off analysis.


+-----------------------------------------------------+
; Setup Summary                                       ;
+----------------------------+--------+---------------+
; Clock                      ; Slack  ; End Point TNS ;
+----------------------------+--------+---------------+
; flash|maxii_ufm_block1|osc ; 81.818 ; 0.000         ;
+----------------------------+--------+---------------+


+------------------------------------------------------+
; Hold Summary                                         ;
+----------------------------+---------+---------------+
; Clock                      ; Slack   ; End Point TNS ;
+----------------------------+---------+---------------+
; flash|maxii_ufm_block1|osc ; -21.597 ; -41.388       ;
+----------------------------+---------+---------------+


--------------------
; Recovery Summary ;
--------------------
No paths to report.


-------------------
; Removal Summary ;
-------------------
No paths to report.


+-----------------------------------------------------+
; Minimum Pulse Width Summary                         ;
+----------------------------+--------+---------------+
; Clock                      ; Slack  ; End Point TNS ;
+----------------------------+--------+---------------+
; flash|maxii_ufm_block1|osc ; 60.909 ; 0.000         ;
+----------------------------+--------+---------------+


+-----------------------------------------------------------------------------------------------------------------------------------------------------------------------------------------------------------------------------------------------------------------------------+
; Setup: 'flash|maxii_ufm_block1|osc'                                                                                                                                                                                                                                         ;
+---------+-------------------------------------------------------------------------------------+--------------------------------------------------------------------------+----------------------------+----------------------------+--------------+------------+------------+
; Slack   ; From Node                                                                           ; To Node                                                                  ; Launch Clock               ; Latch Clock                ; Relationship ; Clock Skew ; Data Delay ;
+---------+-------------------------------------------------------------------------------------+--------------------------------------------------------------------------+----------------------------+----------------------------+--------------+------------+------------+
; 81.818  ; flash_altufm_parallel_71o:flash|wire_maxii_ufm_block1_drdout                        ; flash_altufm_parallel_71o:flash|wire_maxii_ufm_block1_drdout             ; flash|maxii_ufm_block1|osc ; flash|maxii_ufm_block1|osc ; 181.818      ; 0.000      ; 80.000     ;
; 81.818  ; flash_altufm_parallel_71o:flash|maxii_ufm_block1~OBSERVABLEADDRESSREGOUT            ; flash_altufm_parallel_71o:flash|maxii_ufm_block1~OBSERVABLEADDRESSREGOUT ; flash|maxii_ufm_block1|osc ; flash|maxii_ufm_block1|osc ; 181.818      ; 0.000      ; 80.000     ;
; 159.501 ; flash_altufm_parallel_71o:flash|lpm_counter:cntr2|cntr_dsj:auto_generated|safe_q[4] ; flash_altufm_parallel_71o:flash|maxii_ufm_block1~OBSERVABLEADDRESSREGOUT ; flash|maxii_ufm_block1|osc ; flash|maxii_ufm_block1|osc ; 181.818      ; 4.186      ; 6.503      ;
; 159.733 ; flash_altufm_parallel_71o:flash|lpm_counter:cntr2|cntr_dsj:auto_generated|safe_q[2] ; flash_altufm_parallel_71o:flash|wire_maxii_ufm_block1_drdout             ; flash|maxii_ufm_block1|osc ; flash|maxii_ufm_block1|osc ; 181.818      ; 4.467      ; 6.552      ;
; 159.867 ; flash_altufm_parallel_71o:flash|lpm_counter:cntr2|cntr_dsj:auto_generated|safe_q[0] ; flash_altufm_parallel_71o:flash|wire_maxii_ufm_block1_drdout             ; flash|maxii_ufm_block1|osc ; flash|maxii_ufm_block1|osc ; 181.818      ; 4.467      ; 6.418      ;
; 160.041 ; flash_altufm_parallel_71o:flash|lpm_counter:cntr2|cntr_dsj:auto_generated|safe_q[3] ; flash_altufm_parallel_71o:flash|wire_maxii_ufm_block1_drdout             ; flash|maxii_ufm_block1|osc ; flash|maxii_ufm_block1|osc ; 181.818      ; 4.467      ; 6.244      ;
; 160.399 ; flash_altufm_parallel_71o:flash|lpm_counter:cntr2|cntr_dsj:auto_generated|safe_q[2] ; flash_altufm_parallel_71o:flash|maxii_ufm_block1~OBSERVABLEADDRESSREGOUT ; flash|maxii_ufm_block1|osc ; flash|maxii_ufm_block1|osc ; 181.818      ; 4.186      ; 5.605      ;
; 160.405 ; flash_altufm_parallel_71o:flash|lpm_counter:cntr2|cntr_dsj:auto_generated|safe_q[1] ; flash_altufm_parallel_71o:flash|wire_maxii_ufm_block1_drdout             ; flash|maxii_ufm_block1|osc ; flash|maxii_ufm_block1|osc ; 181.818      ; 4.467      ; 5.880      ;
; 160.410 ; flash_altufm_parallel_71o:flash|deco1_dffe                                          ; flash_altufm_parallel_71o:flash|maxii_ufm_block1~OBSERVABLEADDRESSREGOUT ; flash|maxii_ufm_block1|osc ; flash|maxii_ufm_block1|osc ; 181.818      ; 4.186      ; 5.594      ;
; 160.730 ; flash_altufm_parallel_71o:flash|deco2_dffe                                          ; flash_altufm_parallel_71o:flash|maxii_ufm_block1~OBSERVABLEADDRESSREGOUT ; flash|maxii_ufm_block1|osc ; flash|maxii_ufm_block1|osc ; 181.818      ; 4.186      ; 5.274      ;
; 161.047 ; flash_altufm_parallel_71o:flash|lpm_counter:cntr2|cntr_dsj:auto_generated|safe_q[4] ; flash_altufm_parallel_71o:flash|wire_maxii_ufm_block1_drdout             ; flash|maxii_ufm_block1|osc ; flash|maxii_ufm_block1|osc ; 181.818      ; 4.467      ; 5.238      ;
; 161.087 ; flash_altufm_parallel_71o:flash|lpm_counter:cntr2|cntr_dsj:auto_generated|safe_q[3] ; flash_altufm_parallel_71o:flash|maxii_ufm_block1~OBSERVABLEADDRESSREGOUT ; flash|maxii_ufm_block1|osc ; flash|maxii_ufm_block1|osc ; 181.818      ; 4.186      ; 4.917      ;
; 161.609 ; flash_altufm_parallel_71o:flash|lpm_counter:cntr2|cntr_dsj:auto_generated|safe_q[1] ; flash_altufm_parallel_71o:flash|maxii_ufm_block1~OBSERVABLEADDRESSREGOUT ; flash|maxii_ufm_block1|osc ; flash|maxii_ufm_block1|osc ; 181.818      ; 4.186      ; 4.395      ;
; 161.952 ; flash_altufm_parallel_71o:flash|deco1_dffe                                          ; flash_altufm_parallel_71o:flash|wire_maxii_ufm_block1_drdout             ; flash|maxii_ufm_block1|osc ; flash|maxii_ufm_block1|osc ; 181.818      ; 4.467      ; 4.333      ;
; 162.254 ; flash_altufm_parallel_71o:flash|deco2_dffe                                          ; flash_altufm_parallel_71o:flash|wire_maxii_ufm_block1_drdout             ; flash|maxii_ufm_block1|osc ; flash|maxii_ufm_block1|osc ; 181.818      ; 4.467      ; 4.031      ;
; 163.415 ; flash_altufm_parallel_71o:flash|piso_sipo_dffe[15]                                  ; flash_altufm_parallel_71o:flash|wire_maxii_ufm_block1_drdout             ; flash|maxii_ufm_block1|osc ; flash|maxii_ufm_block1|osc ; 181.818      ; 4.467      ; 2.870      ;
; 169.675 ; flash_altufm_parallel_71o:flash|wire_maxii_ufm_block1_drdout                        ; flash_altufm_parallel_71o:flash|piso_sipo_dffe[0]                        ; flash|maxii_ufm_block1|osc ; flash|maxii_ufm_block1|osc ; 181.818      ; -4.467     ; 7.343      ;
; 173.804 ; flash_altufm_parallel_71o:flash|lpm_counter:cntr2|cntr_dsj:auto_generated|safe_q[2] ; flash_altufm_parallel_71o:flash|deco2_dffe                               ; flash|maxii_ufm_block1|osc ; flash|maxii_ufm_block1|osc ; 181.818      ; 0.000      ; 7.681      ;
; 173.804 ; flash_altufm_parallel_71o:flash|lpm_counter:cntr2|cntr_dsj:auto_generated|safe_q[2] ; flash_altufm_parallel_71o:flash|deco1_dffe                               ; flash|maxii_ufm_block1|osc ; flash|maxii_ufm_block1|osc ; 181.818      ; 0.000      ; 7.681      ;
; 174.009 ; flash_altufm_parallel_71o:flash|lpm_counter:cntr2|cntr_dsj:auto_generated|safe_q[2] ; flash_altufm_parallel_71o:flash|piso_sipo_dffe[8]                        ; flash|maxii_ufm_block1|osc ; flash|maxii_ufm_block1|osc ; 181.818      ; 0.000      ; 7.476      ;
; 174.009 ; flash_altufm_parallel_71o:flash|lpm_counter:cntr2|cntr_dsj:auto_generated|safe_q[2] ; flash_altufm_parallel_71o:flash|piso_sipo_dffe[7]                        ; flash|maxii_ufm_block1|osc ; flash|maxii_ufm_block1|osc ; 181.818      ; 0.000      ; 7.476      ;
; 174.009 ; flash_altufm_parallel_71o:flash|lpm_counter:cntr2|cntr_dsj:auto_generated|safe_q[2] ; flash_altufm_parallel_71o:flash|piso_sipo_dffe[6]                        ; flash|maxii_ufm_block1|osc ; flash|maxii_ufm_block1|osc ; 181.818      ; 0.000      ; 7.476      ;
; 174.009 ; flash_altufm_parallel_71o:flash|lpm_counter:cntr2|cntr_dsj:auto_generated|safe_q[2] ; flash_altufm_parallel_71o:flash|piso_sipo_dffe[5]                        ; flash|maxii_ufm_block1|osc ; flash|maxii_ufm_block1|osc ; 181.818      ; 0.000      ; 7.476      ;
; 174.009 ; flash_altufm_parallel_71o:flash|lpm_counter:cntr2|cntr_dsj:auto_generated|safe_q[2] ; flash_altufm_parallel_71o:flash|piso_sipo_dffe[4]                        ; flash|maxii_ufm_block1|osc ; flash|maxii_ufm_block1|osc ; 181.818      ; 0.000      ; 7.476      ;
; 174.009 ; flash_altufm_parallel_71o:flash|lpm_counter:cntr2|cntr_dsj:auto_generated|safe_q[2] ; flash_altufm_parallel_71o:flash|piso_sipo_dffe[3]                        ; flash|maxii_ufm_block1|osc ; flash|maxii_ufm_block1|osc ; 181.818      ; 0.000      ; 7.476      ;
; 174.009 ; flash_altufm_parallel_71o:flash|lpm_counter:cntr2|cntr_dsj:auto_generated|safe_q[2] ; flash_altufm_parallel_71o:flash|piso_sipo_dffe[2]                        ; flash|maxii_ufm_block1|osc ; flash|maxii_ufm_block1|osc ; 181.818      ; 0.000      ; 7.476      ;
; 174.009 ; flash_altufm_parallel_71o:flash|lpm_counter:cntr2|cntr_dsj:auto_generated|safe_q[2] ; flash_altufm_parallel_71o:flash|piso_sipo_dffe[1]                        ; flash|maxii_ufm_block1|osc ; flash|maxii_ufm_block1|osc ; 181.818      ; 0.000      ; 7.476      ;
; 174.009 ; flash_altufm_parallel_71o:flash|lpm_counter:cntr2|cntr_dsj:auto_generated|safe_q[2] ; flash_altufm_parallel_71o:flash|piso_sipo_dffe[0]                        ; flash|maxii_ufm_block1|osc ; flash|maxii_ufm_block1|osc ; 181.818      ; 0.000      ; 7.476      ;
; 174.069 ; flash_altufm_parallel_71o:flash|lpm_counter:cntr2|cntr_dsj:auto_generated|safe_q[2] ; flash_altufm_parallel_71o:flash|piso_sipo_dffe[15]                       ; flash|maxii_ufm_block1|osc ; flash|maxii_ufm_block1|osc ; 181.818      ; 0.000      ; 7.416      ;
; 174.069 ; flash_altufm_parallel_71o:flash|lpm_counter:cntr2|cntr_dsj:auto_generated|safe_q[2] ; flash_altufm_parallel_71o:flash|piso_sipo_dffe[14]                       ; flash|maxii_ufm_block1|osc ; flash|maxii_ufm_block1|osc ; 181.818      ; 0.000      ; 7.416      ;
; 174.069 ; flash_altufm_parallel_71o:flash|lpm_counter:cntr2|cntr_dsj:auto_generated|safe_q[2] ; flash_altufm_parallel_71o:flash|piso_sipo_dffe[13]                       ; flash|maxii_ufm_block1|osc ; flash|maxii_ufm_block1|osc ; 181.818      ; 0.000      ; 7.416      ;
; 174.069 ; flash_altufm_parallel_71o:flash|lpm_counter:cntr2|cntr_dsj:auto_generated|safe_q[2] ; flash_altufm_parallel_71o:flash|piso_sipo_dffe[12]                       ; flash|maxii_ufm_block1|osc ; flash|maxii_ufm_block1|osc ; 181.818      ; 0.000      ; 7.416      ;
; 174.069 ; flash_altufm_parallel_71o:flash|lpm_counter:cntr2|cntr_dsj:auto_generated|safe_q[2] ; flash_altufm_parallel_71o:flash|piso_sipo_dffe[11]                       ; flash|maxii_ufm_block1|osc ; flash|maxii_ufm_block1|osc ; 181.818      ; 0.000      ; 7.416      ;
; 174.069 ; flash_altufm_parallel_71o:flash|lpm_counter:cntr2|cntr_dsj:auto_generated|safe_q[2] ; flash_altufm_parallel_71o:flash|piso_sipo_dffe[10]                       ; flash|maxii_ufm_block1|osc ; flash|maxii_ufm_block1|osc ; 181.818      ; 0.000      ; 7.416      ;
; 174.069 ; flash_altufm_parallel_71o:flash|lpm_counter:cntr2|cntr_dsj:auto_generated|safe_q[2] ; flash_altufm_parallel_71o:flash|piso_sipo_dffe[9]                        ; flash|maxii_ufm_block1|osc ; flash|maxii_ufm_block1|osc ; 181.818      ; 0.000      ; 7.416      ;
; 174.143 ; flash_altufm_parallel_71o:flash|lpm_counter:cntr2|cntr_dsj:auto_generated|safe_q[0] ; flash_altufm_parallel_71o:flash|piso_sipo_dffe[8]                        ; flash|maxii_ufm_block1|osc ; flash|maxii_ufm_block1|osc ; 181.818      ; 0.000      ; 7.342      ;
; 174.143 ; flash_altufm_parallel_71o:flash|lpm_counter:cntr2|cntr_dsj:auto_generated|safe_q[0] ; flash_altufm_parallel_71o:flash|piso_sipo_dffe[7]                        ; flash|maxii_ufm_block1|osc ; flash|maxii_ufm_block1|osc ; 181.818      ; 0.000      ; 7.342      ;
; 174.143 ; flash_altufm_parallel_71o:flash|lpm_counter:cntr2|cntr_dsj:auto_generated|safe_q[0] ; flash_altufm_parallel_71o:flash|piso_sipo_dffe[6]                        ; flash|maxii_ufm_block1|osc ; flash|maxii_ufm_block1|osc ; 181.818      ; 0.000      ; 7.342      ;
; 174.143 ; flash_altufm_parallel_71o:flash|lpm_counter:cntr2|cntr_dsj:auto_generated|safe_q[0] ; flash_altufm_parallel_71o:flash|piso_sipo_dffe[5]                        ; flash|maxii_ufm_block1|osc ; flash|maxii_ufm_block1|osc ; 181.818      ; 0.000      ; 7.342      ;
; 174.143 ; flash_altufm_parallel_71o:flash|lpm_counter:cntr2|cntr_dsj:auto_generated|safe_q[0] ; flash_altufm_parallel_71o:flash|piso_sipo_dffe[4]                        ; flash|maxii_ufm_block1|osc ; flash|maxii_ufm_block1|osc ; 181.818      ; 0.000      ; 7.342      ;
; 174.143 ; flash_altufm_parallel_71o:flash|lpm_counter:cntr2|cntr_dsj:auto_generated|safe_q[0] ; flash_altufm_parallel_71o:flash|piso_sipo_dffe[3]                        ; flash|maxii_ufm_block1|osc ; flash|maxii_ufm_block1|osc ; 181.818      ; 0.000      ; 7.342      ;
; 174.143 ; flash_altufm_parallel_71o:flash|lpm_counter:cntr2|cntr_dsj:auto_generated|safe_q[0] ; flash_altufm_parallel_71o:flash|piso_sipo_dffe[2]                        ; flash|maxii_ufm_block1|osc ; flash|maxii_ufm_block1|osc ; 181.818      ; 0.000      ; 7.342      ;
; 174.143 ; flash_altufm_parallel_71o:flash|lpm_counter:cntr2|cntr_dsj:auto_generated|safe_q[0] ; flash_altufm_parallel_71o:flash|piso_sipo_dffe[1]                        ; flash|maxii_ufm_block1|osc ; flash|maxii_ufm_block1|osc ; 181.818      ; 0.000      ; 7.342      ;
; 174.143 ; flash_altufm_parallel_71o:flash|lpm_counter:cntr2|cntr_dsj:auto_generated|safe_q[0] ; flash_altufm_parallel_71o:flash|piso_sipo_dffe[0]                        ; flash|maxii_ufm_block1|osc ; flash|maxii_ufm_block1|osc ; 181.818      ; 0.000      ; 7.342      ;
; 174.203 ; flash_altufm_parallel_71o:flash|lpm_counter:cntr2|cntr_dsj:auto_generated|safe_q[0] ; flash_altufm_parallel_71o:flash|piso_sipo_dffe[15]                       ; flash|maxii_ufm_block1|osc ; flash|maxii_ufm_block1|osc ; 181.818      ; 0.000      ; 7.282      ;
; 174.203 ; flash_altufm_parallel_71o:flash|lpm_counter:cntr2|cntr_dsj:auto_generated|safe_q[0] ; flash_altufm_parallel_71o:flash|piso_sipo_dffe[14]                       ; flash|maxii_ufm_block1|osc ; flash|maxii_ufm_block1|osc ; 181.818      ; 0.000      ; 7.282      ;
; 174.203 ; flash_altufm_parallel_71o:flash|lpm_counter:cntr2|cntr_dsj:auto_generated|safe_q[0] ; flash_altufm_parallel_71o:flash|piso_sipo_dffe[13]                       ; flash|maxii_ufm_block1|osc ; flash|maxii_ufm_block1|osc ; 181.818      ; 0.000      ; 7.282      ;
; 174.203 ; flash_altufm_parallel_71o:flash|lpm_counter:cntr2|cntr_dsj:auto_generated|safe_q[0] ; flash_altufm_parallel_71o:flash|piso_sipo_dffe[12]                       ; flash|maxii_ufm_block1|osc ; flash|maxii_ufm_block1|osc ; 181.818      ; 0.000      ; 7.282      ;
; 174.203 ; flash_altufm_parallel_71o:flash|lpm_counter:cntr2|cntr_dsj:auto_generated|safe_q[0] ; flash_altufm_parallel_71o:flash|piso_sipo_dffe[11]                       ; flash|maxii_ufm_block1|osc ; flash|maxii_ufm_block1|osc ; 181.818      ; 0.000      ; 7.282      ;
; 174.203 ; flash_altufm_parallel_71o:flash|lpm_counter:cntr2|cntr_dsj:auto_generated|safe_q[0] ; flash_altufm_parallel_71o:flash|piso_sipo_dffe[10]                       ; flash|maxii_ufm_block1|osc ; flash|maxii_ufm_block1|osc ; 181.818      ; 0.000      ; 7.282      ;
; 174.203 ; flash_altufm_parallel_71o:flash|lpm_counter:cntr2|cntr_dsj:auto_generated|safe_q[0] ; flash_altufm_parallel_71o:flash|piso_sipo_dffe[9]                        ; flash|maxii_ufm_block1|osc ; flash|maxii_ufm_block1|osc ; 181.818      ; 0.000      ; 7.282      ;
; 174.306 ; flash_altufm_parallel_71o:flash|lpm_counter:cntr2|cntr_dsj:auto_generated|safe_q[4] ; flash_altufm_parallel_71o:flash|piso_sipo_dffe[8]                        ; flash|maxii_ufm_block1|osc ; flash|maxii_ufm_block1|osc ; 181.818      ; 0.000      ; 7.179      ;
; 174.306 ; flash_altufm_parallel_71o:flash|lpm_counter:cntr2|cntr_dsj:auto_generated|safe_q[4] ; flash_altufm_parallel_71o:flash|piso_sipo_dffe[7]                        ; flash|maxii_ufm_block1|osc ; flash|maxii_ufm_block1|osc ; 181.818      ; 0.000      ; 7.179      ;
; 174.306 ; flash_altufm_parallel_71o:flash|lpm_counter:cntr2|cntr_dsj:auto_generated|safe_q[4] ; flash_altufm_parallel_71o:flash|piso_sipo_dffe[6]                        ; flash|maxii_ufm_block1|osc ; flash|maxii_ufm_block1|osc ; 181.818      ; 0.000      ; 7.179      ;
; 174.306 ; flash_altufm_parallel_71o:flash|lpm_counter:cntr2|cntr_dsj:auto_generated|safe_q[4] ; flash_altufm_parallel_71o:flash|piso_sipo_dffe[5]                        ; flash|maxii_ufm_block1|osc ; flash|maxii_ufm_block1|osc ; 181.818      ; 0.000      ; 7.179      ;
; 174.306 ; flash_altufm_parallel_71o:flash|lpm_counter:cntr2|cntr_dsj:auto_generated|safe_q[4] ; flash_altufm_parallel_71o:flash|piso_sipo_dffe[4]                        ; flash|maxii_ufm_block1|osc ; flash|maxii_ufm_block1|osc ; 181.818      ; 0.000      ; 7.179      ;
; 174.306 ; flash_altufm_parallel_71o:flash|lpm_counter:cntr2|cntr_dsj:auto_generated|safe_q[4] ; flash_altufm_parallel_71o:flash|piso_sipo_dffe[3]                        ; flash|maxii_ufm_block1|osc ; flash|maxii_ufm_block1|osc ; 181.818      ; 0.000      ; 7.179      ;
; 174.306 ; flash_altufm_parallel_71o:flash|lpm_counter:cntr2|cntr_dsj:auto_generated|safe_q[4] ; flash_altufm_parallel_71o:flash|piso_sipo_dffe[2]                        ; flash|maxii_ufm_block1|osc ; flash|maxii_ufm_block1|osc ; 181.818      ; 0.000      ; 7.179      ;
; 174.306 ; flash_altufm_parallel_71o:flash|lpm_counter:cntr2|cntr_dsj:auto_generated|safe_q[4] ; flash_altufm_parallel_71o:flash|piso_sipo_dffe[1]                        ; flash|maxii_ufm_block1|osc ; flash|maxii_ufm_block1|osc ; 181.818      ; 0.000      ; 7.179      ;
; 174.306 ; flash_altufm_parallel_71o:flash|lpm_counter:cntr2|cntr_dsj:auto_generated|safe_q[4] ; flash_altufm_parallel_71o:flash|piso_sipo_dffe[0]                        ; flash|maxii_ufm_block1|osc ; flash|maxii_ufm_block1|osc ; 181.818      ; 0.000      ; 7.179      ;
; 174.366 ; flash_altufm_parallel_71o:flash|lpm_counter:cntr2|cntr_dsj:auto_generated|safe_q[4] ; flash_altufm_parallel_71o:flash|piso_sipo_dffe[15]                       ; flash|maxii_ufm_block1|osc ; flash|maxii_ufm_block1|osc ; 181.818      ; 0.000      ; 7.119      ;
; 174.366 ; flash_altufm_parallel_71o:flash|lpm_counter:cntr2|cntr_dsj:auto_generated|safe_q[4] ; flash_altufm_parallel_71o:flash|piso_sipo_dffe[14]                       ; flash|maxii_ufm_block1|osc ; flash|maxii_ufm_block1|osc ; 181.818      ; 0.000      ; 7.119      ;
; 174.366 ; flash_altufm_parallel_71o:flash|lpm_counter:cntr2|cntr_dsj:auto_generated|safe_q[4] ; flash_altufm_parallel_71o:flash|piso_sipo_dffe[13]                       ; flash|maxii_ufm_block1|osc ; flash|maxii_ufm_block1|osc ; 181.818      ; 0.000      ; 7.119      ;
; 174.366 ; flash_altufm_parallel_71o:flash|lpm_counter:cntr2|cntr_dsj:auto_generated|safe_q[4] ; flash_altufm_parallel_71o:flash|piso_sipo_dffe[12]                       ; flash|maxii_ufm_block1|osc ; flash|maxii_ufm_block1|osc ; 181.818      ; 0.000      ; 7.119      ;
; 174.366 ; flash_altufm_parallel_71o:flash|lpm_counter:cntr2|cntr_dsj:auto_generated|safe_q[4] ; flash_altufm_parallel_71o:flash|piso_sipo_dffe[11]                       ; flash|maxii_ufm_block1|osc ; flash|maxii_ufm_block1|osc ; 181.818      ; 0.000      ; 7.119      ;
; 174.366 ; flash_altufm_parallel_71o:flash|lpm_counter:cntr2|cntr_dsj:auto_generated|safe_q[4] ; flash_altufm_parallel_71o:flash|piso_sipo_dffe[10]                       ; flash|maxii_ufm_block1|osc ; flash|maxii_ufm_block1|osc ; 181.818      ; 0.000      ; 7.119      ;
; 174.366 ; flash_altufm_parallel_71o:flash|lpm_counter:cntr2|cntr_dsj:auto_generated|safe_q[4] ; flash_altufm_parallel_71o:flash|piso_sipo_dffe[9]                        ; flash|maxii_ufm_block1|osc ; flash|maxii_ufm_block1|osc ; 181.818      ; 0.000      ; 7.119      ;
; 174.496 ; flash_altufm_parallel_71o:flash|deco1_dffe                                          ; flash_altufm_parallel_71o:flash|piso_sipo_dffe[8]                        ; flash|maxii_ufm_block1|osc ; flash|maxii_ufm_block1|osc ; 181.818      ; 0.000      ; 6.989      ;
; 174.496 ; flash_altufm_parallel_71o:flash|deco1_dffe                                          ; flash_altufm_parallel_71o:flash|piso_sipo_dffe[7]                        ; flash|maxii_ufm_block1|osc ; flash|maxii_ufm_block1|osc ; 181.818      ; 0.000      ; 6.989      ;
; 174.496 ; flash_altufm_parallel_71o:flash|deco1_dffe                                          ; flash_altufm_parallel_71o:flash|piso_sipo_dffe[6]                        ; flash|maxii_ufm_block1|osc ; flash|maxii_ufm_block1|osc ; 181.818      ; 0.000      ; 6.989      ;
; 174.496 ; flash_altufm_parallel_71o:flash|deco1_dffe                                          ; flash_altufm_parallel_71o:flash|piso_sipo_dffe[5]                        ; flash|maxii_ufm_block1|osc ; flash|maxii_ufm_block1|osc ; 181.818      ; 0.000      ; 6.989      ;
; 174.496 ; flash_altufm_parallel_71o:flash|deco1_dffe                                          ; flash_altufm_parallel_71o:flash|piso_sipo_dffe[4]                        ; flash|maxii_ufm_block1|osc ; flash|maxii_ufm_block1|osc ; 181.818      ; 0.000      ; 6.989      ;
; 174.496 ; flash_altufm_parallel_71o:flash|deco1_dffe                                          ; flash_altufm_parallel_71o:flash|piso_sipo_dffe[3]                        ; flash|maxii_ufm_block1|osc ; flash|maxii_ufm_block1|osc ; 181.818      ; 0.000      ; 6.989      ;
; 174.496 ; flash_altufm_parallel_71o:flash|deco1_dffe                                          ; flash_altufm_parallel_71o:flash|piso_sipo_dffe[2]                        ; flash|maxii_ufm_block1|osc ; flash|maxii_ufm_block1|osc ; 181.818      ; 0.000      ; 6.989      ;
; 174.496 ; flash_altufm_parallel_71o:flash|deco1_dffe                                          ; flash_altufm_parallel_71o:flash|piso_sipo_dffe[1]                        ; flash|maxii_ufm_block1|osc ; flash|maxii_ufm_block1|osc ; 181.818      ; 0.000      ; 6.989      ;
; 174.496 ; flash_altufm_parallel_71o:flash|deco1_dffe                                          ; flash_altufm_parallel_71o:flash|piso_sipo_dffe[0]                        ; flash|maxii_ufm_block1|osc ; flash|maxii_ufm_block1|osc ; 181.818      ; 0.000      ; 6.989      ;
; 174.556 ; flash_altufm_parallel_71o:flash|deco1_dffe                                          ; flash_altufm_parallel_71o:flash|piso_sipo_dffe[15]                       ; flash|maxii_ufm_block1|osc ; flash|maxii_ufm_block1|osc ; 181.818      ; 0.000      ; 6.929      ;
; 174.556 ; flash_altufm_parallel_71o:flash|deco1_dffe                                          ; flash_altufm_parallel_71o:flash|piso_sipo_dffe[14]                       ; flash|maxii_ufm_block1|osc ; flash|maxii_ufm_block1|osc ; 181.818      ; 0.000      ; 6.929      ;
; 174.556 ; flash_altufm_parallel_71o:flash|deco1_dffe                                          ; flash_altufm_parallel_71o:flash|piso_sipo_dffe[13]                       ; flash|maxii_ufm_block1|osc ; flash|maxii_ufm_block1|osc ; 181.818      ; 0.000      ; 6.929      ;
; 174.556 ; flash_altufm_parallel_71o:flash|deco1_dffe                                          ; flash_altufm_parallel_71o:flash|piso_sipo_dffe[12]                       ; flash|maxii_ufm_block1|osc ; flash|maxii_ufm_block1|osc ; 181.818      ; 0.000      ; 6.929      ;
; 174.556 ; flash_altufm_parallel_71o:flash|deco1_dffe                                          ; flash_altufm_parallel_71o:flash|piso_sipo_dffe[11]                       ; flash|maxii_ufm_block1|osc ; flash|maxii_ufm_block1|osc ; 181.818      ; 0.000      ; 6.929      ;
; 174.556 ; flash_altufm_parallel_71o:flash|deco1_dffe                                          ; flash_altufm_parallel_71o:flash|piso_sipo_dffe[10]                       ; flash|maxii_ufm_block1|osc ; flash|maxii_ufm_block1|osc ; 181.818      ; 0.000      ; 6.929      ;
; 174.556 ; flash_altufm_parallel_71o:flash|deco1_dffe                                          ; flash_altufm_parallel_71o:flash|piso_sipo_dffe[9]                        ; flash|maxii_ufm_block1|osc ; flash|maxii_ufm_block1|osc ; 181.818      ; 0.000      ; 6.929      ;
; 174.682 ; flash_altufm_parallel_71o:flash|lpm_counter:cntr2|cntr_dsj:auto_generated|safe_q[1] ; flash_altufm_parallel_71o:flash|piso_sipo_dffe[8]                        ; flash|maxii_ufm_block1|osc ; flash|maxii_ufm_block1|osc ; 181.818      ; 0.000      ; 6.803      ;
; 174.682 ; flash_altufm_parallel_71o:flash|lpm_counter:cntr2|cntr_dsj:auto_generated|safe_q[1] ; flash_altufm_parallel_71o:flash|piso_sipo_dffe[7]                        ; flash|maxii_ufm_block1|osc ; flash|maxii_ufm_block1|osc ; 181.818      ; 0.000      ; 6.803      ;
; 174.682 ; flash_altufm_parallel_71o:flash|lpm_counter:cntr2|cntr_dsj:auto_generated|safe_q[1] ; flash_altufm_parallel_71o:flash|piso_sipo_dffe[6]                        ; flash|maxii_ufm_block1|osc ; flash|maxii_ufm_block1|osc ; 181.818      ; 0.000      ; 6.803      ;
; 174.682 ; flash_altufm_parallel_71o:flash|lpm_counter:cntr2|cntr_dsj:auto_generated|safe_q[1] ; flash_altufm_parallel_71o:flash|piso_sipo_dffe[5]                        ; flash|maxii_ufm_block1|osc ; flash|maxii_ufm_block1|osc ; 181.818      ; 0.000      ; 6.803      ;
; 174.682 ; flash_altufm_parallel_71o:flash|lpm_counter:cntr2|cntr_dsj:auto_generated|safe_q[1] ; flash_altufm_parallel_71o:flash|piso_sipo_dffe[4]                        ; flash|maxii_ufm_block1|osc ; flash|maxii_ufm_block1|osc ; 181.818      ; 0.000      ; 6.803      ;
; 174.682 ; flash_altufm_parallel_71o:flash|lpm_counter:cntr2|cntr_dsj:auto_generated|safe_q[1] ; flash_altufm_parallel_71o:flash|piso_sipo_dffe[3]                        ; flash|maxii_ufm_block1|osc ; flash|maxii_ufm_block1|osc ; 181.818      ; 0.000      ; 6.803      ;
; 174.682 ; flash_altufm_parallel_71o:flash|lpm_counter:cntr2|cntr_dsj:auto_generated|safe_q[1] ; flash_altufm_parallel_71o:flash|piso_sipo_dffe[2]                        ; flash|maxii_ufm_block1|osc ; flash|maxii_ufm_block1|osc ; 181.818      ; 0.000      ; 6.803      ;
; 174.682 ; flash_altufm_parallel_71o:flash|lpm_counter:cntr2|cntr_dsj:auto_generated|safe_q[1] ; flash_altufm_parallel_71o:flash|piso_sipo_dffe[1]                        ; flash|maxii_ufm_block1|osc ; flash|maxii_ufm_block1|osc ; 181.818      ; 0.000      ; 6.803      ;
; 174.682 ; flash_altufm_parallel_71o:flash|lpm_counter:cntr2|cntr_dsj:auto_generated|safe_q[1] ; flash_altufm_parallel_71o:flash|piso_sipo_dffe[0]                        ; flash|maxii_ufm_block1|osc ; flash|maxii_ufm_block1|osc ; 181.818      ; 0.000      ; 6.803      ;
; 174.742 ; flash_altufm_parallel_71o:flash|lpm_counter:cntr2|cntr_dsj:auto_generated|safe_q[1] ; flash_altufm_parallel_71o:flash|piso_sipo_dffe[15]                       ; flash|maxii_ufm_block1|osc ; flash|maxii_ufm_block1|osc ; 181.818      ; 0.000      ; 6.743      ;
; 174.742 ; flash_altufm_parallel_71o:flash|lpm_counter:cntr2|cntr_dsj:auto_generated|safe_q[1] ; flash_altufm_parallel_71o:flash|piso_sipo_dffe[14]                       ; flash|maxii_ufm_block1|osc ; flash|maxii_ufm_block1|osc ; 181.818      ; 0.000      ; 6.743      ;
; 174.742 ; flash_altufm_parallel_71o:flash|lpm_counter:cntr2|cntr_dsj:auto_generated|safe_q[1] ; flash_altufm_parallel_71o:flash|piso_sipo_dffe[13]                       ; flash|maxii_ufm_block1|osc ; flash|maxii_ufm_block1|osc ; 181.818      ; 0.000      ; 6.743      ;
; 174.742 ; flash_altufm_parallel_71o:flash|lpm_counter:cntr2|cntr_dsj:auto_generated|safe_q[1] ; flash_altufm_parallel_71o:flash|piso_sipo_dffe[12]                       ; flash|maxii_ufm_block1|osc ; flash|maxii_ufm_block1|osc ; 181.818      ; 0.000      ; 6.743      ;
; 174.742 ; flash_altufm_parallel_71o:flash|lpm_counter:cntr2|cntr_dsj:auto_generated|safe_q[1] ; flash_altufm_parallel_71o:flash|piso_sipo_dffe[11]                       ; flash|maxii_ufm_block1|osc ; flash|maxii_ufm_block1|osc ; 181.818      ; 0.000      ; 6.743      ;
; 174.742 ; flash_altufm_parallel_71o:flash|lpm_counter:cntr2|cntr_dsj:auto_generated|safe_q[1] ; flash_altufm_parallel_71o:flash|piso_sipo_dffe[10]                       ; flash|maxii_ufm_block1|osc ; flash|maxii_ufm_block1|osc ; 181.818      ; 0.000      ; 6.743      ;
; 174.742 ; flash_altufm_parallel_71o:flash|lpm_counter:cntr2|cntr_dsj:auto_generated|safe_q[1] ; flash_altufm_parallel_71o:flash|piso_sipo_dffe[9]                        ; flash|maxii_ufm_block1|osc ; flash|maxii_ufm_block1|osc ; 181.818      ; 0.000      ; 6.743      ;
; 174.816 ; flash_altufm_parallel_71o:flash|deco2_dffe                                          ; flash_altufm_parallel_71o:flash|piso_sipo_dffe[8]                        ; flash|maxii_ufm_block1|osc ; flash|maxii_ufm_block1|osc ; 181.818      ; 0.000      ; 6.669      ;
+---------+-------------------------------------------------------------------------------------+--------------------------------------------------------------------------+----------------------------+----------------------------+--------------+------------+------------+


+----------------------------------------------------------------------------------------------------------------------------------------------------------------------------------------------------------------------------------------------------------------------------------------+
; Hold: 'flash|maxii_ufm_block1|osc'                                                                                                                                                                                                                                                     ;
+---------+-------------------------------------------------------------------------------------+-------------------------------------------------------------------------------------+----------------------------+----------------------------+--------------+------------+------------+
; Slack   ; From Node                                                                           ; To Node                                                                             ; Launch Clock               ; Latch Clock                ; Relationship ; Clock Skew ; Data Delay ;
+---------+-------------------------------------------------------------------------------------+-------------------------------------------------------------------------------------+----------------------------+----------------------------+--------------+------------+------------+
; -21.597 ; flash_altufm_parallel_71o:flash|piso_sipo_dffe[15]                                  ; flash_altufm_parallel_71o:flash|wire_maxii_ufm_block1_drdout                        ; flash|maxii_ufm_block1|osc ; flash|maxii_ufm_block1|osc ; 0.000        ; 4.467      ; 2.870      ;
; -20.436 ; flash_altufm_parallel_71o:flash|deco2_dffe                                          ; flash_altufm_parallel_71o:flash|wire_maxii_ufm_block1_drdout                        ; flash|maxii_ufm_block1|osc ; flash|maxii_ufm_block1|osc ; 0.000        ; 4.467      ; 4.031      ;
; -20.134 ; flash_altufm_parallel_71o:flash|deco1_dffe                                          ; flash_altufm_parallel_71o:flash|wire_maxii_ufm_block1_drdout                        ; flash|maxii_ufm_block1|osc ; flash|maxii_ufm_block1|osc ; 0.000        ; 4.467      ; 4.333      ;
; -19.791 ; flash_altufm_parallel_71o:flash|lpm_counter:cntr2|cntr_dsj:auto_generated|safe_q[1] ; flash_altufm_parallel_71o:flash|maxii_ufm_block1~OBSERVABLEADDRESSREGOUT            ; flash|maxii_ufm_block1|osc ; flash|maxii_ufm_block1|osc ; 0.000        ; 4.186      ; 4.395      ;
; -19.269 ; flash_altufm_parallel_71o:flash|lpm_counter:cntr2|cntr_dsj:auto_generated|safe_q[3] ; flash_altufm_parallel_71o:flash|maxii_ufm_block1~OBSERVABLEADDRESSREGOUT            ; flash|maxii_ufm_block1|osc ; flash|maxii_ufm_block1|osc ; 0.000        ; 4.186      ; 4.917      ;
; -19.229 ; flash_altufm_parallel_71o:flash|lpm_counter:cntr2|cntr_dsj:auto_generated|safe_q[4] ; flash_altufm_parallel_71o:flash|wire_maxii_ufm_block1_drdout                        ; flash|maxii_ufm_block1|osc ; flash|maxii_ufm_block1|osc ; 0.000        ; 4.467      ; 5.238      ;
; -18.912 ; flash_altufm_parallel_71o:flash|deco2_dffe                                          ; flash_altufm_parallel_71o:flash|maxii_ufm_block1~OBSERVABLEADDRESSREGOUT            ; flash|maxii_ufm_block1|osc ; flash|maxii_ufm_block1|osc ; 0.000        ; 4.186      ; 5.274      ;
; -18.592 ; flash_altufm_parallel_71o:flash|deco1_dffe                                          ; flash_altufm_parallel_71o:flash|maxii_ufm_block1~OBSERVABLEADDRESSREGOUT            ; flash|maxii_ufm_block1|osc ; flash|maxii_ufm_block1|osc ; 0.000        ; 4.186      ; 5.594      ;
; -18.587 ; flash_altufm_parallel_71o:flash|lpm_counter:cntr2|cntr_dsj:auto_generated|safe_q[1] ; flash_altufm_parallel_71o:flash|wire_maxii_ufm_block1_drdout                        ; flash|maxii_ufm_block1|osc ; flash|maxii_ufm_block1|osc ; 0.000        ; 4.467      ; 5.880      ;
; -18.581 ; flash_altufm_parallel_71o:flash|lpm_counter:cntr2|cntr_dsj:auto_generated|safe_q[2] ; flash_altufm_parallel_71o:flash|maxii_ufm_block1~OBSERVABLEADDRESSREGOUT            ; flash|maxii_ufm_block1|osc ; flash|maxii_ufm_block1|osc ; 0.000        ; 4.186      ; 5.605      ;
; -18.223 ; flash_altufm_parallel_71o:flash|lpm_counter:cntr2|cntr_dsj:auto_generated|safe_q[3] ; flash_altufm_parallel_71o:flash|wire_maxii_ufm_block1_drdout                        ; flash|maxii_ufm_block1|osc ; flash|maxii_ufm_block1|osc ; 0.000        ; 4.467      ; 6.244      ;
; -18.049 ; flash_altufm_parallel_71o:flash|lpm_counter:cntr2|cntr_dsj:auto_generated|safe_q[0] ; flash_altufm_parallel_71o:flash|wire_maxii_ufm_block1_drdout                        ; flash|maxii_ufm_block1|osc ; flash|maxii_ufm_block1|osc ; 0.000        ; 4.467      ; 6.418      ;
; -17.915 ; flash_altufm_parallel_71o:flash|lpm_counter:cntr2|cntr_dsj:auto_generated|safe_q[2] ; flash_altufm_parallel_71o:flash|wire_maxii_ufm_block1_drdout                        ; flash|maxii_ufm_block1|osc ; flash|maxii_ufm_block1|osc ; 0.000        ; 4.467      ; 6.552      ;
; -17.683 ; flash_altufm_parallel_71o:flash|lpm_counter:cntr2|cntr_dsj:auto_generated|safe_q[4] ; flash_altufm_parallel_71o:flash|maxii_ufm_block1~OBSERVABLEADDRESSREGOUT            ; flash|maxii_ufm_block1|osc ; flash|maxii_ufm_block1|osc ; 0.000        ; 4.186      ; 6.503      ;
; 1.376   ; flash_altufm_parallel_71o:flash|piso_sipo_dffe[14]                                  ; flash_altufm_parallel_71o:flash|piso_sipo_dffe[15]                                  ; flash|maxii_ufm_block1|osc ; flash|maxii_ufm_block1|osc ; 0.000        ; 0.000      ; 1.597      ;
; 1.382   ; flash_altufm_parallel_71o:flash|piso_sipo_dffe[7]                                   ; flash_altufm_parallel_71o:flash|piso_sipo_dffe[8]                                   ; flash|maxii_ufm_block1|osc ; flash|maxii_ufm_block1|osc ; 0.000        ; 0.000      ; 1.603      ;
; 1.398   ; flash_altufm_parallel_71o:flash|piso_sipo_dffe[10]                                  ; flash_altufm_parallel_71o:flash|piso_sipo_dffe[11]                                  ; flash|maxii_ufm_block1|osc ; flash|maxii_ufm_block1|osc ; 0.000        ; 0.000      ; 1.619      ;
; 1.399   ; flash_altufm_parallel_71o:flash|piso_sipo_dffe[1]                                   ; flash_altufm_parallel_71o:flash|piso_sipo_dffe[2]                                   ; flash|maxii_ufm_block1|osc ; flash|maxii_ufm_block1|osc ; 0.000        ; 0.000      ; 1.620      ;
; 1.399   ; flash_altufm_parallel_71o:flash|piso_sipo_dffe[0]                                   ; flash_altufm_parallel_71o:flash|piso_sipo_dffe[1]                                   ; flash|maxii_ufm_block1|osc ; flash|maxii_ufm_block1|osc ; 0.000        ; 0.000      ; 1.620      ;
; 1.400   ; flash_altufm_parallel_71o:flash|piso_sipo_dffe[9]                                   ; flash_altufm_parallel_71o:flash|piso_sipo_dffe[10]                                  ; flash|maxii_ufm_block1|osc ; flash|maxii_ufm_block1|osc ; 0.000        ; 0.000      ; 1.621      ;
; 1.401   ; flash_altufm_parallel_71o:flash|piso_sipo_dffe[11]                                  ; flash_altufm_parallel_71o:flash|piso_sipo_dffe[12]                                  ; flash|maxii_ufm_block1|osc ; flash|maxii_ufm_block1|osc ; 0.000        ; 0.000      ; 1.622      ;
; 1.401   ; flash_altufm_parallel_71o:flash|piso_sipo_dffe[2]                                   ; flash_altufm_parallel_71o:flash|piso_sipo_dffe[3]                                   ; flash|maxii_ufm_block1|osc ; flash|maxii_ufm_block1|osc ; 0.000        ; 0.000      ; 1.622      ;
; 1.651   ; flash_altufm_parallel_71o:flash|piso_sipo_dffe[13]                                  ; flash_altufm_parallel_71o:flash|piso_sipo_dffe[14]                                  ; flash|maxii_ufm_block1|osc ; flash|maxii_ufm_block1|osc ; 0.000        ; 0.000      ; 1.872      ;
; 1.653   ; flash_altufm_parallel_71o:flash|piso_sipo_dffe[3]                                   ; flash_altufm_parallel_71o:flash|piso_sipo_dffe[4]                                   ; flash|maxii_ufm_block1|osc ; flash|maxii_ufm_block1|osc ; 0.000        ; 0.000      ; 1.874      ;
; 1.654   ; flash_altufm_parallel_71o:flash|piso_sipo_dffe[12]                                  ; flash_altufm_parallel_71o:flash|piso_sipo_dffe[13]                                  ; flash|maxii_ufm_block1|osc ; flash|maxii_ufm_block1|osc ; 0.000        ; 0.000      ; 1.875      ;
; 1.654   ; flash_altufm_parallel_71o:flash|piso_sipo_dffe[5]                                   ; flash_altufm_parallel_71o:flash|piso_sipo_dffe[6]                                   ; flash|maxii_ufm_block1|osc ; flash|maxii_ufm_block1|osc ; 0.000        ; 0.000      ; 1.875      ;
; 1.654   ; flash_altufm_parallel_71o:flash|piso_sipo_dffe[4]                                   ; flash_altufm_parallel_71o:flash|piso_sipo_dffe[5]                                   ; flash|maxii_ufm_block1|osc ; flash|maxii_ufm_block1|osc ; 0.000        ; 0.000      ; 1.875      ;
; 1.655   ; flash_altufm_parallel_71o:flash|piso_sipo_dffe[6]                                   ; flash_altufm_parallel_71o:flash|piso_sipo_dffe[7]                                   ; flash|maxii_ufm_block1|osc ; flash|maxii_ufm_block1|osc ; 0.000        ; 0.000      ; 1.876      ;
; 1.813   ; flash_altufm_parallel_71o:flash|real_decode_dffe                                    ; flash_altufm_parallel_71o:flash|real_decode2_dffe                                   ; flash|maxii_ufm_block1|osc ; flash|maxii_ufm_block1|osc ; 0.000        ; 0.000      ; 2.034      ;
; 2.152   ; flash_altufm_parallel_71o:flash|lpm_counter:cntr2|cntr_dsj:auto_generated|safe_q[1] ; flash_altufm_parallel_71o:flash|deco2_dffe                                          ; flash|maxii_ufm_block1|osc ; flash|maxii_ufm_block1|osc ; 0.000        ; 0.000      ; 2.373      ;
; 2.162   ; flash_altufm_parallel_71o:flash|lpm_counter:cntr2|cntr_dsj:auto_generated|safe_q[1] ; flash_altufm_parallel_71o:flash|deco1_dffe                                          ; flash|maxii_ufm_block1|osc ; flash|maxii_ufm_block1|osc ; 0.000        ; 0.000      ; 2.383      ;
; 2.174   ; flash_altufm_parallel_71o:flash|lpm_counter:cntr2|cntr_dsj:auto_generated|safe_q[0] ; flash_altufm_parallel_71o:flash|lpm_counter:cntr2|cntr_dsj:auto_generated|safe_q[0] ; flash|maxii_ufm_block1|osc ; flash|maxii_ufm_block1|osc ; 0.000        ; 0.000      ; 2.395      ;
; 2.178   ; flash_altufm_parallel_71o:flash|lpm_counter:cntr2|cntr_dsj:auto_generated|safe_q[1] ; flash_altufm_parallel_71o:flash|lpm_counter:cntr2|cntr_dsj:auto_generated|safe_q[1] ; flash|maxii_ufm_block1|osc ; flash|maxii_ufm_block1|osc ; 0.000        ; 0.000      ; 2.399      ;
; 2.263   ; flash_altufm_parallel_71o:flash|lpm_counter:cntr2|cntr_dsj:auto_generated|safe_q[2] ; flash_altufm_parallel_71o:flash|lpm_counter:cntr2|cntr_dsj:auto_generated|safe_q[2] ; flash|maxii_ufm_block1|osc ; flash|maxii_ufm_block1|osc ; 0.000        ; 0.000      ; 2.484      ;
; 2.299   ; flash_altufm_parallel_71o:flash|lpm_counter:cntr2|cntr_dsj:auto_generated|safe_q[3] ; flash_altufm_parallel_71o:flash|lpm_counter:cntr2|cntr_dsj:auto_generated|safe_q[3] ; flash|maxii_ufm_block1|osc ; flash|maxii_ufm_block1|osc ; 0.000        ; 0.000      ; 2.520      ;
; 2.312   ; flash_altufm_parallel_71o:flash|lpm_counter:cntr2|cntr_dsj:auto_generated|safe_q[4] ; flash_altufm_parallel_71o:flash|lpm_counter:cntr2|cntr_dsj:auto_generated|safe_q[4] ; flash|maxii_ufm_block1|osc ; flash|maxii_ufm_block1|osc ; 0.000        ; 0.000      ; 2.533      ;
; 2.479   ; flash_altufm_parallel_71o:flash|piso_sipo_dffe[8]                                   ; flash_altufm_parallel_71o:flash|piso_sipo_dffe[9]                                   ; flash|maxii_ufm_block1|osc ; flash|maxii_ufm_block1|osc ; 0.000        ; 0.000      ; 2.700      ;
; 2.604   ; flash_altufm_parallel_71o:flash|lpm_counter:cntr2|cntr_dsj:auto_generated|safe_q[3] ; flash_altufm_parallel_71o:flash|deco2_dffe                                          ; flash|maxii_ufm_block1|osc ; flash|maxii_ufm_block1|osc ; 0.000        ; 0.000      ; 2.825      ;
; 2.618   ; flash_altufm_parallel_71o:flash|lpm_counter:cntr2|cntr_dsj:auto_generated|safe_q[3] ; flash_altufm_parallel_71o:flash|deco1_dffe                                          ; flash|maxii_ufm_block1|osc ; flash|maxii_ufm_block1|osc ; 0.000        ; 0.000      ; 2.839      ;
; 2.618   ; flash_altufm_parallel_71o:flash|lpm_counter:cntr2|cntr_dsj:auto_generated|safe_q[3] ; flash_altufm_parallel_71o:flash|gated_clk1_dffe                                     ; flash|maxii_ufm_block1|osc ; flash|maxii_ufm_block1|osc ; 0.000        ; 0.000      ; 2.839      ;
; 2.647   ; flash_altufm_parallel_71o:flash|lpm_counter:cntr2|cntr_dsj:auto_generated|safe_q[0] ; flash_altufm_parallel_71o:flash|gated_clk1_dffe                                     ; flash|maxii_ufm_block1|osc ; flash|maxii_ufm_block1|osc ; 0.000        ; 0.000      ; 2.868      ;
; 2.738   ; flash_altufm_parallel_71o:flash|real_decode2_dffe                                   ; flash_altufm_parallel_71o:flash|deco2_dffe                                          ; flash|maxii_ufm_block1|osc ; flash|maxii_ufm_block1|osc ; 0.000        ; 0.000      ; 2.959      ;
; 2.738   ; flash_altufm_parallel_71o:flash|real_decode2_dffe                                   ; flash_altufm_parallel_71o:flash|deco1_dffe                                          ; flash|maxii_ufm_block1|osc ; flash|maxii_ufm_block1|osc ; 0.000        ; 0.000      ; 2.959      ;
; 2.830   ; flash_altufm_parallel_71o:flash|lpm_counter:cntr2|cntr_dsj:auto_generated|safe_q[4] ; flash_altufm_parallel_71o:flash|deco1_dffe                                          ; flash|maxii_ufm_block1|osc ; flash|maxii_ufm_block1|osc ; 0.000        ; 0.000      ; 3.051      ;
; 2.848   ; flash_altufm_parallel_71o:flash|lpm_counter:cntr2|cntr_dsj:auto_generated|safe_q[4] ; flash_altufm_parallel_71o:flash|deco2_dffe                                          ; flash|maxii_ufm_block1|osc ; flash|maxii_ufm_block1|osc ; 0.000        ; 0.000      ; 3.069      ;
; 2.943   ; flash_altufm_parallel_71o:flash|deco2_dffe                                          ; flash_altufm_parallel_71o:flash|gated_clk1_dffe                                     ; flash|maxii_ufm_block1|osc ; flash|maxii_ufm_block1|osc ; 0.000        ; 0.000      ; 3.164      ;
; 2.950   ; flash_altufm_parallel_71o:flash|lpm_counter:cntr2|cntr_dsj:auto_generated|safe_q[2] ; flash_altufm_parallel_71o:flash|deco2_dffe                                          ; flash|maxii_ufm_block1|osc ; flash|maxii_ufm_block1|osc ; 0.000        ; 0.000      ; 3.171      ;
; 3.006   ; flash_altufm_parallel_71o:flash|lpm_counter:cntr2|cntr_dsj:auto_generated|safe_q[0] ; flash_altufm_parallel_71o:flash|lpm_counter:cntr2|cntr_dsj:auto_generated|safe_q[1] ; flash|maxii_ufm_block1|osc ; flash|maxii_ufm_block1|osc ; 0.000        ; 0.000      ; 3.227      ;
; 3.010   ; flash_altufm_parallel_71o:flash|lpm_counter:cntr2|cntr_dsj:auto_generated|safe_q[1] ; flash_altufm_parallel_71o:flash|lpm_counter:cntr2|cntr_dsj:auto_generated|safe_q[2] ; flash|maxii_ufm_block1|osc ; flash|maxii_ufm_block1|osc ; 0.000        ; 0.000      ; 3.231      ;
; 3.117   ; flash_altufm_parallel_71o:flash|lpm_counter:cntr2|cntr_dsj:auto_generated|safe_q[0] ; flash_altufm_parallel_71o:flash|lpm_counter:cntr2|cntr_dsj:auto_generated|safe_q[2] ; flash|maxii_ufm_block1|osc ; flash|maxii_ufm_block1|osc ; 0.000        ; 0.000      ; 3.338      ;
; 3.121   ; flash_altufm_parallel_71o:flash|lpm_counter:cntr2|cntr_dsj:auto_generated|safe_q[1] ; flash_altufm_parallel_71o:flash|lpm_counter:cntr2|cntr_dsj:auto_generated|safe_q[3] ; flash|maxii_ufm_block1|osc ; flash|maxii_ufm_block1|osc ; 0.000        ; 0.000      ; 3.342      ;
; 3.203   ; flash_altufm_parallel_71o:flash|lpm_counter:cntr2|cntr_dsj:auto_generated|safe_q[2] ; flash_altufm_parallel_71o:flash|lpm_counter:cntr2|cntr_dsj:auto_generated|safe_q[3] ; flash|maxii_ufm_block1|osc ; flash|maxii_ufm_block1|osc ; 0.000        ; 0.000      ; 3.424      ;
; 3.228   ; flash_altufm_parallel_71o:flash|lpm_counter:cntr2|cntr_dsj:auto_generated|safe_q[0] ; flash_altufm_parallel_71o:flash|lpm_counter:cntr2|cntr_dsj:auto_generated|safe_q[3] ; flash|maxii_ufm_block1|osc ; flash|maxii_ufm_block1|osc ; 0.000        ; 0.000      ; 3.449      ;
; 3.263   ; flash_altufm_parallel_71o:flash|deco1_dffe                                          ; flash_altufm_parallel_71o:flash|gated_clk1_dffe                                     ; flash|maxii_ufm_block1|osc ; flash|maxii_ufm_block1|osc ; 0.000        ; 0.000      ; 3.484      ;
; 3.560   ; flash_altufm_parallel_71o:flash|lpm_counter:cntr2|cntr_dsj:auto_generated|safe_q[3] ; flash_altufm_parallel_71o:flash|lpm_counter:cntr2|cntr_dsj:auto_generated|safe_q[4] ; flash|maxii_ufm_block1|osc ; flash|maxii_ufm_block1|osc ; 0.000        ; 0.000      ; 3.781      ;
; 3.590   ; flash_altufm_parallel_71o:flash|lpm_counter:cntr2|cntr_dsj:auto_generated|safe_q[1] ; flash_altufm_parallel_71o:flash|lpm_counter:cntr2|cntr_dsj:auto_generated|safe_q[4] ; flash|maxii_ufm_block1|osc ; flash|maxii_ufm_block1|osc ; 0.000        ; 0.000      ; 3.811      ;
; 3.591   ; flash_altufm_parallel_71o:flash|lpm_counter:cntr2|cntr_dsj:auto_generated|safe_q[4] ; flash_altufm_parallel_71o:flash|real_decode_dffe                                    ; flash|maxii_ufm_block1|osc ; flash|maxii_ufm_block1|osc ; 0.000        ; 0.000      ; 3.812      ;
; 3.672   ; flash_altufm_parallel_71o:flash|lpm_counter:cntr2|cntr_dsj:auto_generated|safe_q[2] ; flash_altufm_parallel_71o:flash|lpm_counter:cntr2|cntr_dsj:auto_generated|safe_q[4] ; flash|maxii_ufm_block1|osc ; flash|maxii_ufm_block1|osc ; 0.000        ; 0.000      ; 3.893      ;
; 3.689   ; flash_altufm_parallel_71o:flash|lpm_counter:cntr2|cntr_dsj:auto_generated|safe_q[1] ; flash_altufm_parallel_71o:flash|gated_clk1_dffe                                     ; flash|maxii_ufm_block1|osc ; flash|maxii_ufm_block1|osc ; 0.000        ; 0.000      ; 3.910      ;
; 3.697   ; flash_altufm_parallel_71o:flash|lpm_counter:cntr2|cntr_dsj:auto_generated|safe_q[0] ; flash_altufm_parallel_71o:flash|lpm_counter:cntr2|cntr_dsj:auto_generated|safe_q[4] ; flash|maxii_ufm_block1|osc ; flash|maxii_ufm_block1|osc ; 0.000        ; 0.000      ; 3.918      ;
; 3.703   ; flash_altufm_parallel_71o:flash|deco2_dffe                                          ; flash_altufm_parallel_71o:flash|lpm_counter:cntr2|cntr_dsj:auto_generated|safe_q[3] ; flash|maxii_ufm_block1|osc ; flash|maxii_ufm_block1|osc ; 0.000        ; 0.000      ; 3.924      ;
; 3.703   ; flash_altufm_parallel_71o:flash|deco2_dffe                                          ; flash_altufm_parallel_71o:flash|lpm_counter:cntr2|cntr_dsj:auto_generated|safe_q[4] ; flash|maxii_ufm_block1|osc ; flash|maxii_ufm_block1|osc ; 0.000        ; 0.000      ; 3.924      ;
; 3.703   ; flash_altufm_parallel_71o:flash|deco2_dffe                                          ; flash_altufm_parallel_71o:flash|lpm_counter:cntr2|cntr_dsj:auto_generated|safe_q[1] ; flash|maxii_ufm_block1|osc ; flash|maxii_ufm_block1|osc ; 0.000        ; 0.000      ; 3.924      ;
; 3.703   ; flash_altufm_parallel_71o:flash|deco2_dffe                                          ; flash_altufm_parallel_71o:flash|lpm_counter:cntr2|cntr_dsj:auto_generated|safe_q[0] ; flash|maxii_ufm_block1|osc ; flash|maxii_ufm_block1|osc ; 0.000        ; 0.000      ; 3.924      ;
; 3.703   ; flash_altufm_parallel_71o:flash|deco2_dffe                                          ; flash_altufm_parallel_71o:flash|lpm_counter:cntr2|cntr_dsj:auto_generated|safe_q[2] ; flash|maxii_ufm_block1|osc ; flash|maxii_ufm_block1|osc ; 0.000        ; 0.000      ; 3.924      ;
; 3.985   ; flash_altufm_parallel_71o:flash|lpm_counter:cntr2|cntr_dsj:auto_generated|safe_q[3] ; flash_altufm_parallel_71o:flash|real_decode_dffe                                    ; flash|maxii_ufm_block1|osc ; flash|maxii_ufm_block1|osc ; 0.000        ; 0.000      ; 4.206      ;
; 4.023   ; flash_altufm_parallel_71o:flash|deco1_dffe                                          ; flash_altufm_parallel_71o:flash|lpm_counter:cntr2|cntr_dsj:auto_generated|safe_q[3] ; flash|maxii_ufm_block1|osc ; flash|maxii_ufm_block1|osc ; 0.000        ; 0.000      ; 4.244      ;
; 4.023   ; flash_altufm_parallel_71o:flash|deco1_dffe                                          ; flash_altufm_parallel_71o:flash|lpm_counter:cntr2|cntr_dsj:auto_generated|safe_q[4] ; flash|maxii_ufm_block1|osc ; flash|maxii_ufm_block1|osc ; 0.000        ; 0.000      ; 4.244      ;
; 4.023   ; flash_altufm_parallel_71o:flash|deco1_dffe                                          ; flash_altufm_parallel_71o:flash|lpm_counter:cntr2|cntr_dsj:auto_generated|safe_q[1] ; flash|maxii_ufm_block1|osc ; flash|maxii_ufm_block1|osc ; 0.000        ; 0.000      ; 4.244      ;
; 4.023   ; flash_altufm_parallel_71o:flash|deco1_dffe                                          ; flash_altufm_parallel_71o:flash|lpm_counter:cntr2|cntr_dsj:auto_generated|safe_q[0] ; flash|maxii_ufm_block1|osc ; flash|maxii_ufm_block1|osc ; 0.000        ; 0.000      ; 4.244      ;
; 4.023   ; flash_altufm_parallel_71o:flash|deco1_dffe                                          ; flash_altufm_parallel_71o:flash|lpm_counter:cntr2|cntr_dsj:auto_generated|safe_q[2] ; flash|maxii_ufm_block1|osc ; flash|maxii_ufm_block1|osc ; 0.000        ; 0.000      ; 4.244      ;
; 4.172   ; flash_altufm_parallel_71o:flash|lpm_counter:cntr2|cntr_dsj:auto_generated|safe_q[4] ; flash_altufm_parallel_71o:flash|gated_clk1_dffe                                     ; flash|maxii_ufm_block1|osc ; flash|maxii_ufm_block1|osc ; 0.000        ; 0.000      ; 4.393      ;
; 4.560   ; flash_altufm_parallel_71o:flash|lpm_counter:cntr2|cntr_dsj:auto_generated|safe_q[3] ; flash_altufm_parallel_71o:flash|gated_clk2_dffe                                     ; flash|maxii_ufm_block1|osc ; flash|maxii_ufm_block1|osc ; 0.000        ; 0.000      ; 4.781      ;
; 4.831   ; flash_altufm_parallel_71o:flash|lpm_counter:cntr2|cntr_dsj:auto_generated|safe_q[2] ; flash_altufm_parallel_71o:flash|gated_clk1_dffe                                     ; flash|maxii_ufm_block1|osc ; flash|maxii_ufm_block1|osc ; 0.000        ; 0.000      ; 5.052      ;
; 4.928   ; flash_altufm_parallel_71o:flash|lpm_counter:cntr2|cntr_dsj:auto_generated|safe_q[4] ; flash_altufm_parallel_71o:flash|gated_clk2_dffe                                     ; flash|maxii_ufm_block1|osc ; flash|maxii_ufm_block1|osc ; 0.000        ; 0.000      ; 5.149      ;
; 5.118   ; flash_altufm_parallel_71o:flash|lpm_counter:cntr2|cntr_dsj:auto_generated|safe_q[1] ; flash_altufm_parallel_71o:flash|real_decode_dffe                                    ; flash|maxii_ufm_block1|osc ; flash|maxii_ufm_block1|osc ; 0.000        ; 0.000      ; 5.339      ;
; 5.275   ; flash_altufm_parallel_71o:flash|lpm_counter:cntr2|cntr_dsj:auto_generated|safe_q[4] ; flash_altufm_parallel_71o:flash|lpm_counter:cntr2|cntr_dsj:auto_generated|safe_q[3] ; flash|maxii_ufm_block1|osc ; flash|maxii_ufm_block1|osc ; 0.000        ; 0.000      ; 5.496      ;
; 5.275   ; flash_altufm_parallel_71o:flash|lpm_counter:cntr2|cntr_dsj:auto_generated|safe_q[4] ; flash_altufm_parallel_71o:flash|lpm_counter:cntr2|cntr_dsj:auto_generated|safe_q[1] ; flash|maxii_ufm_block1|osc ; flash|maxii_ufm_block1|osc ; 0.000        ; 0.000      ; 5.496      ;
; 5.275   ; flash_altufm_parallel_71o:flash|lpm_counter:cntr2|cntr_dsj:auto_generated|safe_q[4] ; flash_altufm_parallel_71o:flash|lpm_counter:cntr2|cntr_dsj:auto_generated|safe_q[0] ; flash|maxii_ufm_block1|osc ; flash|maxii_ufm_block1|osc ; 0.000        ; 0.000      ; 5.496      ;
; 5.275   ; flash_altufm_parallel_71o:flash|lpm_counter:cntr2|cntr_dsj:auto_generated|safe_q[4] ; flash_altufm_parallel_71o:flash|lpm_counter:cntr2|cntr_dsj:auto_generated|safe_q[2] ; flash|maxii_ufm_block1|osc ; flash|maxii_ufm_block1|osc ; 0.000        ; 0.000      ; 5.496      ;
; 5.379   ; flash_altufm_parallel_71o:flash|lpm_counter:cntr2|cntr_dsj:auto_generated|safe_q[3] ; flash_altufm_parallel_71o:flash|piso_sipo_dffe[15]                                  ; flash|maxii_ufm_block1|osc ; flash|maxii_ufm_block1|osc ; 0.000        ; 0.000      ; 5.600      ;
; 5.379   ; flash_altufm_parallel_71o:flash|lpm_counter:cntr2|cntr_dsj:auto_generated|safe_q[3] ; flash_altufm_parallel_71o:flash|piso_sipo_dffe[14]                                  ; flash|maxii_ufm_block1|osc ; flash|maxii_ufm_block1|osc ; 0.000        ; 0.000      ; 5.600      ;
; 5.379   ; flash_altufm_parallel_71o:flash|lpm_counter:cntr2|cntr_dsj:auto_generated|safe_q[3] ; flash_altufm_parallel_71o:flash|piso_sipo_dffe[13]                                  ; flash|maxii_ufm_block1|osc ; flash|maxii_ufm_block1|osc ; 0.000        ; 0.000      ; 5.600      ;
; 5.379   ; flash_altufm_parallel_71o:flash|lpm_counter:cntr2|cntr_dsj:auto_generated|safe_q[3] ; flash_altufm_parallel_71o:flash|piso_sipo_dffe[12]                                  ; flash|maxii_ufm_block1|osc ; flash|maxii_ufm_block1|osc ; 0.000        ; 0.000      ; 5.600      ;
; 5.379   ; flash_altufm_parallel_71o:flash|lpm_counter:cntr2|cntr_dsj:auto_generated|safe_q[3] ; flash_altufm_parallel_71o:flash|piso_sipo_dffe[11]                                  ; flash|maxii_ufm_block1|osc ; flash|maxii_ufm_block1|osc ; 0.000        ; 0.000      ; 5.600      ;
; 5.379   ; flash_altufm_parallel_71o:flash|lpm_counter:cntr2|cntr_dsj:auto_generated|safe_q[3] ; flash_altufm_parallel_71o:flash|piso_sipo_dffe[10]                                  ; flash|maxii_ufm_block1|osc ; flash|maxii_ufm_block1|osc ; 0.000        ; 0.000      ; 5.600      ;
; 5.379   ; flash_altufm_parallel_71o:flash|lpm_counter:cntr2|cntr_dsj:auto_generated|safe_q[3] ; flash_altufm_parallel_71o:flash|piso_sipo_dffe[9]                                   ; flash|maxii_ufm_block1|osc ; flash|maxii_ufm_block1|osc ; 0.000        ; 0.000      ; 5.600      ;
; 5.409   ; flash_altufm_parallel_71o:flash|lpm_counter:cntr2|cntr_dsj:auto_generated|safe_q[1] ; flash_altufm_parallel_71o:flash|lpm_counter:cntr2|cntr_dsj:auto_generated|safe_q[0] ; flash|maxii_ufm_block1|osc ; flash|maxii_ufm_block1|osc ; 0.000        ; 0.000      ; 5.630      ;
; 5.439   ; flash_altufm_parallel_71o:flash|lpm_counter:cntr2|cntr_dsj:auto_generated|safe_q[3] ; flash_altufm_parallel_71o:flash|piso_sipo_dffe[8]                                   ; flash|maxii_ufm_block1|osc ; flash|maxii_ufm_block1|osc ; 0.000        ; 0.000      ; 5.660      ;
; 5.439   ; flash_altufm_parallel_71o:flash|lpm_counter:cntr2|cntr_dsj:auto_generated|safe_q[3] ; flash_altufm_parallel_71o:flash|piso_sipo_dffe[7]                                   ; flash|maxii_ufm_block1|osc ; flash|maxii_ufm_block1|osc ; 0.000        ; 0.000      ; 5.660      ;
; 5.439   ; flash_altufm_parallel_71o:flash|lpm_counter:cntr2|cntr_dsj:auto_generated|safe_q[3] ; flash_altufm_parallel_71o:flash|piso_sipo_dffe[6]                                   ; flash|maxii_ufm_block1|osc ; flash|maxii_ufm_block1|osc ; 0.000        ; 0.000      ; 5.660      ;
; 5.439   ; flash_altufm_parallel_71o:flash|lpm_counter:cntr2|cntr_dsj:auto_generated|safe_q[3] ; flash_altufm_parallel_71o:flash|piso_sipo_dffe[5]                                   ; flash|maxii_ufm_block1|osc ; flash|maxii_ufm_block1|osc ; 0.000        ; 0.000      ; 5.660      ;
; 5.439   ; flash_altufm_parallel_71o:flash|lpm_counter:cntr2|cntr_dsj:auto_generated|safe_q[3] ; flash_altufm_parallel_71o:flash|piso_sipo_dffe[4]                                   ; flash|maxii_ufm_block1|osc ; flash|maxii_ufm_block1|osc ; 0.000        ; 0.000      ; 5.660      ;
; 5.439   ; flash_altufm_parallel_71o:flash|lpm_counter:cntr2|cntr_dsj:auto_generated|safe_q[3] ; flash_altufm_parallel_71o:flash|piso_sipo_dffe[3]                                   ; flash|maxii_ufm_block1|osc ; flash|maxii_ufm_block1|osc ; 0.000        ; 0.000      ; 5.660      ;
; 5.439   ; flash_altufm_parallel_71o:flash|lpm_counter:cntr2|cntr_dsj:auto_generated|safe_q[3] ; flash_altufm_parallel_71o:flash|piso_sipo_dffe[2]                                   ; flash|maxii_ufm_block1|osc ; flash|maxii_ufm_block1|osc ; 0.000        ; 0.000      ; 5.660      ;
; 5.439   ; flash_altufm_parallel_71o:flash|lpm_counter:cntr2|cntr_dsj:auto_generated|safe_q[3] ; flash_altufm_parallel_71o:flash|piso_sipo_dffe[1]                                   ; flash|maxii_ufm_block1|osc ; flash|maxii_ufm_block1|osc ; 0.000        ; 0.000      ; 5.660      ;
; 5.439   ; flash_altufm_parallel_71o:flash|lpm_counter:cntr2|cntr_dsj:auto_generated|safe_q[3] ; flash_altufm_parallel_71o:flash|piso_sipo_dffe[0]                                   ; flash|maxii_ufm_block1|osc ; flash|maxii_ufm_block1|osc ; 0.000        ; 0.000      ; 5.660      ;
; 5.569   ; flash_altufm_parallel_71o:flash|deco2_dffe                                          ; flash_altufm_parallel_71o:flash|gated_clk2_dffe                                     ; flash|maxii_ufm_block1|osc ; flash|maxii_ufm_block1|osc ; 0.000        ; 0.000      ; 5.790      ;
; 5.703   ; flash_altufm_parallel_71o:flash|lpm_counter:cntr2|cntr_dsj:auto_generated|safe_q[1] ; flash_altufm_parallel_71o:flash|gated_clk2_dffe                                     ; flash|maxii_ufm_block1|osc ; flash|maxii_ufm_block1|osc ; 0.000        ; 0.000      ; 5.924      ;
; 5.734   ; flash_altufm_parallel_71o:flash|lpm_counter:cntr2|cntr_dsj:auto_generated|safe_q[0] ; flash_altufm_parallel_71o:flash|deco2_dffe                                          ; flash|maxii_ufm_block1|osc ; flash|maxii_ufm_block1|osc ; 0.000        ; 0.000      ; 5.955      ;
+---------+-------------------------------------------------------------------------------------+-------------------------------------------------------------------------------------+----------------------------+----------------------------+--------------+------------+------------+


+-------------------------------------------------------------------------------------------------------------------------------------------------------------------------------------------+
; Minimum Pulse Width: 'flash|maxii_ufm_block1|osc'                                                                                                                                         ;
+--------+--------------+----------------+------------------+----------------------------+------------+-------------------------------------------------------------------------------------+
; Slack  ; Actual Width ; Required Width ; Type             ; Clock                      ; Clock Edge ; Target                                                                              ;
+--------+--------------+----------------+------------------+----------------------------+------------+-------------------------------------------------------------------------------------+
; 60.909 ; 90.909       ; 30.000         ; High Pulse Width ; flash|maxii_ufm_block1|osc ; Rise       ; flash_altufm_parallel_71o:flash|maxii_ufm_block1~OBSERVABLEADDRESSREGOUT            ;
; 60.909 ; 90.909       ; 30.000         ; Low Pulse Width  ; flash|maxii_ufm_block1|osc ; Rise       ; flash_altufm_parallel_71o:flash|maxii_ufm_block1~OBSERVABLEADDRESSREGOUT            ;
; 60.909 ; 90.909       ; 30.000         ; High Pulse Width ; flash|maxii_ufm_block1|osc ; Rise       ; flash_altufm_parallel_71o:flash|wire_maxii_ufm_block1_drdout                        ;
; 60.909 ; 90.909       ; 30.000         ; Low Pulse Width  ; flash|maxii_ufm_block1|osc ; Rise       ; flash_altufm_parallel_71o:flash|wire_maxii_ufm_block1_drdout                        ;
; 90.643 ; 90.909       ; 0.266          ; High Pulse Width ; flash|maxii_ufm_block1|osc ; Rise       ; flash_altufm_parallel_71o:flash|deco1_dffe                                          ;
; 90.643 ; 90.909       ; 0.266          ; Low Pulse Width  ; flash|maxii_ufm_block1|osc ; Rise       ; flash_altufm_parallel_71o:flash|deco1_dffe                                          ;
; 90.643 ; 90.909       ; 0.266          ; High Pulse Width ; flash|maxii_ufm_block1|osc ; Rise       ; flash_altufm_parallel_71o:flash|deco2_dffe                                          ;
; 90.643 ; 90.909       ; 0.266          ; Low Pulse Width  ; flash|maxii_ufm_block1|osc ; Rise       ; flash_altufm_parallel_71o:flash|deco2_dffe                                          ;
; 90.643 ; 90.909       ; 0.266          ; High Pulse Width ; flash|maxii_ufm_block1|osc ; Rise       ; flash_altufm_parallel_71o:flash|gated_clk1_dffe                                     ;
; 90.643 ; 90.909       ; 0.266          ; Low Pulse Width  ; flash|maxii_ufm_block1|osc ; Rise       ; flash_altufm_parallel_71o:flash|gated_clk1_dffe                                     ;
; 90.643 ; 90.909       ; 0.266          ; High Pulse Width ; flash|maxii_ufm_block1|osc ; Rise       ; flash_altufm_parallel_71o:flash|gated_clk2_dffe                                     ;
; 90.643 ; 90.909       ; 0.266          ; Low Pulse Width  ; flash|maxii_ufm_block1|osc ; Rise       ; flash_altufm_parallel_71o:flash|gated_clk2_dffe                                     ;
; 90.643 ; 90.909       ; 0.266          ; High Pulse Width ; flash|maxii_ufm_block1|osc ; Rise       ; flash_altufm_parallel_71o:flash|lpm_counter:cntr2|cntr_dsj:auto_generated|safe_q[0] ;
; 90.643 ; 90.909       ; 0.266          ; Low Pulse Width  ; flash|maxii_ufm_block1|osc ; Rise       ; flash_altufm_parallel_71o:flash|lpm_counter:cntr2|cntr_dsj:auto_generated|safe_q[0] ;
; 90.643 ; 90.909       ; 0.266          ; High Pulse Width ; flash|maxii_ufm_block1|osc ; Rise       ; flash_altufm_parallel_71o:flash|lpm_counter:cntr2|cntr_dsj:auto_generated|safe_q[1] ;
; 90.643 ; 90.909       ; 0.266          ; Low Pulse Width  ; flash|maxii_ufm_block1|osc ; Rise       ; flash_altufm_parallel_71o:flash|lpm_counter:cntr2|cntr_dsj:auto_generated|safe_q[1] ;
; 90.643 ; 90.909       ; 0.266          ; High Pulse Width ; flash|maxii_ufm_block1|osc ; Rise       ; flash_altufm_parallel_71o:flash|lpm_counter:cntr2|cntr_dsj:auto_generated|safe_q[2] ;
; 90.643 ; 90.909       ; 0.266          ; Low Pulse Width  ; flash|maxii_ufm_block1|osc ; Rise       ; flash_altufm_parallel_71o:flash|lpm_counter:cntr2|cntr_dsj:auto_generated|safe_q[2] ;
; 90.643 ; 90.909       ; 0.266          ; High Pulse Width ; flash|maxii_ufm_block1|osc ; Rise       ; flash_altufm_parallel_71o:flash|lpm_counter:cntr2|cntr_dsj:auto_generated|safe_q[3] ;
; 90.643 ; 90.909       ; 0.266          ; Low Pulse Width  ; flash|maxii_ufm_block1|osc ; Rise       ; flash_altufm_parallel_71o:flash|lpm_counter:cntr2|cntr_dsj:auto_generated|safe_q[3] ;
; 90.643 ; 90.909       ; 0.266          ; High Pulse Width ; flash|maxii_ufm_block1|osc ; Rise       ; flash_altufm_parallel_71o:flash|lpm_counter:cntr2|cntr_dsj:auto_generated|safe_q[4] ;
; 90.643 ; 90.909       ; 0.266          ; Low Pulse Width  ; flash|maxii_ufm_block1|osc ; Rise       ; flash_altufm_parallel_71o:flash|lpm_counter:cntr2|cntr_dsj:auto_generated|safe_q[4] ;
; 90.643 ; 90.909       ; 0.266          ; High Pulse Width ; flash|maxii_ufm_block1|osc ; Rise       ; flash_altufm_parallel_71o:flash|piso_sipo_dffe[0]                                   ;
; 90.643 ; 90.909       ; 0.266          ; Low Pulse Width  ; flash|maxii_ufm_block1|osc ; Rise       ; flash_altufm_parallel_71o:flash|piso_sipo_dffe[0]                                   ;
; 90.643 ; 90.909       ; 0.266          ; High Pulse Width ; flash|maxii_ufm_block1|osc ; Rise       ; flash_altufm_parallel_71o:flash|piso_sipo_dffe[10]                                  ;
; 90.643 ; 90.909       ; 0.266          ; Low Pulse Width  ; flash|maxii_ufm_block1|osc ; Rise       ; flash_altufm_parallel_71o:flash|piso_sipo_dffe[10]                                  ;
; 90.643 ; 90.909       ; 0.266          ; High Pulse Width ; flash|maxii_ufm_block1|osc ; Rise       ; flash_altufm_parallel_71o:flash|piso_sipo_dffe[11]                                  ;
; 90.643 ; 90.909       ; 0.266          ; Low Pulse Width  ; flash|maxii_ufm_block1|osc ; Rise       ; flash_altufm_parallel_71o:flash|piso_sipo_dffe[11]                                  ;
; 90.643 ; 90.909       ; 0.266          ; High Pulse Width ; flash|maxii_ufm_block1|osc ; Rise       ; flash_altufm_parallel_71o:flash|piso_sipo_dffe[12]                                  ;
; 90.643 ; 90.909       ; 0.266          ; Low Pulse Width  ; flash|maxii_ufm_block1|osc ; Rise       ; flash_altufm_parallel_71o:flash|piso_sipo_dffe[12]                                  ;
; 90.643 ; 90.909       ; 0.266          ; High Pulse Width ; flash|maxii_ufm_block1|osc ; Rise       ; flash_altufm_parallel_71o:flash|piso_sipo_dffe[13]                                  ;
; 90.643 ; 90.909       ; 0.266          ; Low Pulse Width  ; flash|maxii_ufm_block1|osc ; Rise       ; flash_altufm_parallel_71o:flash|piso_sipo_dffe[13]                                  ;
; 90.643 ; 90.909       ; 0.266          ; High Pulse Width ; flash|maxii_ufm_block1|osc ; Rise       ; flash_altufm_parallel_71o:flash|piso_sipo_dffe[14]                                  ;
; 90.643 ; 90.909       ; 0.266          ; Low Pulse Width  ; flash|maxii_ufm_block1|osc ; Rise       ; flash_altufm_parallel_71o:flash|piso_sipo_dffe[14]                                  ;
; 90.643 ; 90.909       ; 0.266          ; High Pulse Width ; flash|maxii_ufm_block1|osc ; Rise       ; flash_altufm_parallel_71o:flash|piso_sipo_dffe[15]                                  ;
; 90.643 ; 90.909       ; 0.266          ; Low Pulse Width  ; flash|maxii_ufm_block1|osc ; Rise       ; flash_altufm_parallel_71o:flash|piso_sipo_dffe[15]                                  ;
; 90.643 ; 90.909       ; 0.266          ; High Pulse Width ; flash|maxii_ufm_block1|osc ; Rise       ; flash_altufm_parallel_71o:flash|piso_sipo_dffe[1]                                   ;
; 90.643 ; 90.909       ; 0.266          ; Low Pulse Width  ; flash|maxii_ufm_block1|osc ; Rise       ; flash_altufm_parallel_71o:flash|piso_sipo_dffe[1]                                   ;
; 90.643 ; 90.909       ; 0.266          ; High Pulse Width ; flash|maxii_ufm_block1|osc ; Rise       ; flash_altufm_parallel_71o:flash|piso_sipo_dffe[2]                                   ;
; 90.643 ; 90.909       ; 0.266          ; Low Pulse Width  ; flash|maxii_ufm_block1|osc ; Rise       ; flash_altufm_parallel_71o:flash|piso_sipo_dffe[2]                                   ;
; 90.643 ; 90.909       ; 0.266          ; High Pulse Width ; flash|maxii_ufm_block1|osc ; Rise       ; flash_altufm_parallel_71o:flash|piso_sipo_dffe[3]                                   ;
; 90.643 ; 90.909       ; 0.266          ; Low Pulse Width  ; flash|maxii_ufm_block1|osc ; Rise       ; flash_altufm_parallel_71o:flash|piso_sipo_dffe[3]                                   ;
; 90.643 ; 90.909       ; 0.266          ; High Pulse Width ; flash|maxii_ufm_block1|osc ; Rise       ; flash_altufm_parallel_71o:flash|piso_sipo_dffe[4]                                   ;
; 90.643 ; 90.909       ; 0.266          ; Low Pulse Width  ; flash|maxii_ufm_block1|osc ; Rise       ; flash_altufm_parallel_71o:flash|piso_sipo_dffe[4]                                   ;
; 90.643 ; 90.909       ; 0.266          ; High Pulse Width ; flash|maxii_ufm_block1|osc ; Rise       ; flash_altufm_parallel_71o:flash|piso_sipo_dffe[5]                                   ;
; 90.643 ; 90.909       ; 0.266          ; Low Pulse Width  ; flash|maxii_ufm_block1|osc ; Rise       ; flash_altufm_parallel_71o:flash|piso_sipo_dffe[5]                                   ;
; 90.643 ; 90.909       ; 0.266          ; High Pulse Width ; flash|maxii_ufm_block1|osc ; Rise       ; flash_altufm_parallel_71o:flash|piso_sipo_dffe[6]                                   ;
; 90.643 ; 90.909       ; 0.266          ; Low Pulse Width  ; flash|maxii_ufm_block1|osc ; Rise       ; flash_altufm_parallel_71o:flash|piso_sipo_dffe[6]                                   ;
; 90.643 ; 90.909       ; 0.266          ; High Pulse Width ; flash|maxii_ufm_block1|osc ; Rise       ; flash_altufm_parallel_71o:flash|piso_sipo_dffe[7]                                   ;
; 90.643 ; 90.909       ; 0.266          ; Low Pulse Width  ; flash|maxii_ufm_block1|osc ; Rise       ; flash_altufm_parallel_71o:flash|piso_sipo_dffe[7]                                   ;
; 90.643 ; 90.909       ; 0.266          ; High Pulse Width ; flash|maxii_ufm_block1|osc ; Rise       ; flash_altufm_parallel_71o:flash|piso_sipo_dffe[8]                                   ;
; 90.643 ; 90.909       ; 0.266          ; Low Pulse Width  ; flash|maxii_ufm_block1|osc ; Rise       ; flash_altufm_parallel_71o:flash|piso_sipo_dffe[8]                                   ;
; 90.643 ; 90.909       ; 0.266          ; High Pulse Width ; flash|maxii_ufm_block1|osc ; Rise       ; flash_altufm_parallel_71o:flash|piso_sipo_dffe[9]                                   ;
; 90.643 ; 90.909       ; 0.266          ; Low Pulse Width  ; flash|maxii_ufm_block1|osc ; Rise       ; flash_altufm_parallel_71o:flash|piso_sipo_dffe[9]                                   ;
; 90.643 ; 90.909       ; 0.266          ; High Pulse Width ; flash|maxii_ufm_block1|osc ; Rise       ; flash_altufm_parallel_71o:flash|real_decode2_dffe                                   ;
; 90.643 ; 90.909       ; 0.266          ; Low Pulse Width  ; flash|maxii_ufm_block1|osc ; Rise       ; flash_altufm_parallel_71o:flash|real_decode2_dffe                                   ;
; 90.643 ; 90.909       ; 0.266          ; High Pulse Width ; flash|maxii_ufm_block1|osc ; Rise       ; flash_altufm_parallel_71o:flash|real_decode_dffe                                    ;
; 90.643 ; 90.909       ; 0.266          ; Low Pulse Width  ; flash|maxii_ufm_block1|osc ; Rise       ; flash_altufm_parallel_71o:flash|real_decode_dffe                                    ;
; 90.909 ; 90.909       ; 0.000          ; High Pulse Width ; flash|maxii_ufm_block1|osc ; Rise       ; flash|cntr2|auto_generated|counter_cella0|clk                                       ;
; 90.909 ; 90.909       ; 0.000          ; Low Pulse Width  ; flash|maxii_ufm_block1|osc ; Rise       ; flash|cntr2|auto_generated|counter_cella0|clk                                       ;
; 90.909 ; 90.909       ; 0.000          ; High Pulse Width ; flash|maxii_ufm_block1|osc ; Rise       ; flash|cntr2|auto_generated|counter_cella1|clk                                       ;
; 90.909 ; 90.909       ; 0.000          ; Low Pulse Width  ; flash|maxii_ufm_block1|osc ; Rise       ; flash|cntr2|auto_generated|counter_cella1|clk                                       ;
; 90.909 ; 90.909       ; 0.000          ; High Pulse Width ; flash|maxii_ufm_block1|osc ; Rise       ; flash|cntr2|auto_generated|counter_cella2|clk                                       ;
; 90.909 ; 90.909       ; 0.000          ; Low Pulse Width  ; flash|maxii_ufm_block1|osc ; Rise       ; flash|cntr2|auto_generated|counter_cella2|clk                                       ;
; 90.909 ; 90.909       ; 0.000          ; High Pulse Width ; flash|maxii_ufm_block1|osc ; Rise       ; flash|cntr2|auto_generated|counter_cella3|clk                                       ;
; 90.909 ; 90.909       ; 0.000          ; Low Pulse Width  ; flash|maxii_ufm_block1|osc ; Rise       ; flash|cntr2|auto_generated|counter_cella3|clk                                       ;
; 90.909 ; 90.909       ; 0.000          ; High Pulse Width ; flash|maxii_ufm_block1|osc ; Rise       ; flash|cntr2|auto_generated|counter_cella4|clk                                       ;
; 90.909 ; 90.909       ; 0.000          ; Low Pulse Width  ; flash|maxii_ufm_block1|osc ; Rise       ; flash|cntr2|auto_generated|counter_cella4|clk                                       ;
; 90.909 ; 90.909       ; 0.000          ; High Pulse Width ; flash|maxii_ufm_block1|osc ; Rise       ; flash|deco1_dffe|clk                                                                ;
; 90.909 ; 90.909       ; 0.000          ; Low Pulse Width  ; flash|maxii_ufm_block1|osc ; Rise       ; flash|deco1_dffe|clk                                                                ;
; 90.909 ; 90.909       ; 0.000          ; High Pulse Width ; flash|maxii_ufm_block1|osc ; Rise       ; flash|deco2_dffe|clk                                                                ;
; 90.909 ; 90.909       ; 0.000          ; Low Pulse Width  ; flash|maxii_ufm_block1|osc ; Rise       ; flash|deco2_dffe|clk                                                                ;
; 90.909 ; 90.909       ; 0.000          ; High Pulse Width ; flash|maxii_ufm_block1|osc ; Rise       ; flash|gated_clk1_dffe|clk                                                           ;
; 90.909 ; 90.909       ; 0.000          ; Low Pulse Width  ; flash|maxii_ufm_block1|osc ; Rise       ; flash|gated_clk1_dffe|clk                                                           ;
; 90.909 ; 90.909       ; 0.000          ; High Pulse Width ; flash|maxii_ufm_block1|osc ; Rise       ; flash|gated_clk2_dffe|clk                                                           ;
; 90.909 ; 90.909       ; 0.000          ; Low Pulse Width  ; flash|maxii_ufm_block1|osc ; Rise       ; flash|gated_clk2_dffe|clk                                                           ;
; 90.909 ; 90.909       ; 0.000          ; High Pulse Width ; flash|maxii_ufm_block1|osc ; Rise       ; flash|gated_clk2_dffe|combout                                                       ;
; 90.909 ; 90.909       ; 0.000          ; Low Pulse Width  ; flash|maxii_ufm_block1|osc ; Rise       ; flash|gated_clk2_dffe|combout                                                       ;
; 90.909 ; 90.909       ; 0.000          ; High Pulse Width ; flash|maxii_ufm_block1|osc ; Rise       ; flash|gated_clk2_dffe|datab                                                         ;
; 90.909 ; 90.909       ; 0.000          ; Low Pulse Width  ; flash|maxii_ufm_block1|osc ; Rise       ; flash|gated_clk2_dffe|datab                                                         ;
; 90.909 ; 90.909       ; 0.000          ; High Pulse Width ; flash|maxii_ufm_block1|osc ; Rise       ; flash|maxii_ufm_block1|arclk                                                        ;
; 90.909 ; 90.909       ; 0.000          ; Low Pulse Width  ; flash|maxii_ufm_block1|osc ; Rise       ; flash|maxii_ufm_block1|arclk                                                        ;
; 90.909 ; 90.909       ; 0.000          ; High Pulse Width ; flash|maxii_ufm_block1|osc ; Rise       ; flash|maxii_ufm_block1|drclk                                                        ;
; 90.909 ; 90.909       ; 0.000          ; Low Pulse Width  ; flash|maxii_ufm_block1|osc ; Rise       ; flash|maxii_ufm_block1|drclk                                                        ;
; 90.909 ; 90.909       ; 0.000          ; High Pulse Width ; flash|maxii_ufm_block1|osc ; Rise       ; flash|piso_sipo_dffe[0]|clk                                                         ;
; 90.909 ; 90.909       ; 0.000          ; Low Pulse Width  ; flash|maxii_ufm_block1|osc ; Rise       ; flash|piso_sipo_dffe[0]|clk                                                         ;
; 90.909 ; 90.909       ; 0.000          ; High Pulse Width ; flash|maxii_ufm_block1|osc ; Rise       ; flash|piso_sipo_dffe[10]|clk                                                        ;
; 90.909 ; 90.909       ; 0.000          ; Low Pulse Width  ; flash|maxii_ufm_block1|osc ; Rise       ; flash|piso_sipo_dffe[10]|clk                                                        ;
; 90.909 ; 90.909       ; 0.000          ; High Pulse Width ; flash|maxii_ufm_block1|osc ; Rise       ; flash|piso_sipo_dffe[11]|clk                                                        ;
; 90.909 ; 90.909       ; 0.000          ; Low Pulse Width  ; flash|maxii_ufm_block1|osc ; Rise       ; flash|piso_sipo_dffe[11]|clk                                                        ;
; 90.909 ; 90.909       ; 0.000          ; High Pulse Width ; flash|maxii_ufm_block1|osc ; Rise       ; flash|piso_sipo_dffe[12]|clk                                                        ;
; 90.909 ; 90.909       ; 0.000          ; Low Pulse Width  ; flash|maxii_ufm_block1|osc ; Rise       ; flash|piso_sipo_dffe[12]|clk                                                        ;
; 90.909 ; 90.909       ; 0.000          ; High Pulse Width ; flash|maxii_ufm_block1|osc ; Rise       ; flash|piso_sipo_dffe[13]|clk                                                        ;
; 90.909 ; 90.909       ; 0.000          ; Low Pulse Width  ; flash|maxii_ufm_block1|osc ; Rise       ; flash|piso_sipo_dffe[13]|clk                                                        ;
; 90.909 ; 90.909       ; 0.000          ; High Pulse Width ; flash|maxii_ufm_block1|osc ; Rise       ; flash|piso_sipo_dffe[14]|clk                                                        ;
; 90.909 ; 90.909       ; 0.000          ; Low Pulse Width  ; flash|maxii_ufm_block1|osc ; Rise       ; flash|piso_sipo_dffe[14]|clk                                                        ;
; 90.909 ; 90.909       ; 0.000          ; High Pulse Width ; flash|maxii_ufm_block1|osc ; Rise       ; flash|piso_sipo_dffe[15]|clk                                                        ;
; 90.909 ; 90.909       ; 0.000          ; Low Pulse Width  ; flash|maxii_ufm_block1|osc ; Rise       ; flash|piso_sipo_dffe[15]|clk                                                        ;
; 90.909 ; 90.909       ; 0.000          ; High Pulse Width ; flash|maxii_ufm_block1|osc ; Rise       ; flash|piso_sipo_dffe[1]|clk                                                         ;
; 90.909 ; 90.909       ; 0.000          ; Low Pulse Width  ; flash|maxii_ufm_block1|osc ; Rise       ; flash|piso_sipo_dffe[1]|clk                                                         ;
+--------+--------------+----------------+------------------+----------------------------+------------+-------------------------------------------------------------------------------------+


+------------------------------------------------------+
; Propagation Delay                                    ;
+------------+-------------+--------+----+----+--------+
; Input Port ; Output Port ; RR     ; RF ; FR ; FF     ;
+------------+-------------+--------+----+----+--------+
; MSE_SDI[0] ; port0[5]    ; 7.728  ;    ;    ; 7.728  ;
; MSE_SDI[0] ; port1[5]    ; 8.314  ;    ;    ; 8.314  ;
; MSE_SDI[0] ; port2[5]    ; 8.864  ;    ;    ; 8.864  ;
; MSE_SDI[0] ; port3[5]    ; 9.721  ;    ;    ; 9.721  ;
; MSE_SDI[1] ; port0[3]    ; 7.879  ;    ;    ; 7.879  ;
; MSE_SDI[1] ; port1[3]    ; 8.462  ;    ;    ; 8.462  ;
; MSE_SDI[1] ; port2[3]    ; 9.006  ;    ;    ; 9.006  ;
; MSE_SDI[1] ; port3[3]    ; 10.794 ;    ;    ; 10.794 ;
; MSE_SDI[2] ; port0[0]    ; 8.389  ;    ;    ; 8.389  ;
; MSE_SDI[2] ; port1[0]    ; 8.477  ;    ;    ; 8.477  ;
; MSE_SDI[2] ; port2[0]    ; 8.477  ;    ;    ; 8.477  ;
; MSE_SDI[2] ; port3[0]    ; 9.643  ;    ;    ; 9.643  ;
; MSE_SDI[3] ; port0[2]    ; 8.318  ;    ;    ; 8.318  ;
; MSE_SDI[3] ; port1[2]    ; 8.917  ;    ;    ; 8.917  ;
; MSE_SDI[3] ; port2[2]    ; 8.917  ;    ;    ; 8.917  ;
; MSE_SDI[3] ; port3[2]    ; 9.689  ;    ;    ; 9.689  ;
+------------+-------------+--------+----+----+--------+


+------------------------------------------------------+
; Minimum Propagation Delay                            ;
+------------+-------------+--------+----+----+--------+
; Input Port ; Output Port ; RR     ; RF ; FR ; FF     ;
+------------+-------------+--------+----+----+--------+
; MSE_SDI[0] ; port0[5]    ; 7.728  ;    ;    ; 7.728  ;
; MSE_SDI[0] ; port1[5]    ; 8.314  ;    ;    ; 8.314  ;
; MSE_SDI[0] ; port2[5]    ; 8.864  ;    ;    ; 8.864  ;
; MSE_SDI[0] ; port3[5]    ; 9.721  ;    ;    ; 9.721  ;
; MSE_SDI[1] ; port0[3]    ; 7.879  ;    ;    ; 7.879  ;
; MSE_SDI[1] ; port1[3]    ; 8.462  ;    ;    ; 8.462  ;
; MSE_SDI[1] ; port2[3]    ; 9.006  ;    ;    ; 9.006  ;
; MSE_SDI[1] ; port3[3]    ; 10.794 ;    ;    ; 10.794 ;
; MSE_SDI[2] ; port0[0]    ; 8.389  ;    ;    ; 8.389  ;
; MSE_SDI[2] ; port1[0]    ; 8.477  ;    ;    ; 8.477  ;
; MSE_SDI[2] ; port2[0]    ; 8.477  ;    ;    ; 8.477  ;
; MSE_SDI[2] ; port3[0]    ; 9.643  ;    ;    ; 9.643  ;
; MSE_SDI[3] ; port0[2]    ; 8.318  ;    ;    ; 8.318  ;
; MSE_SDI[3] ; port1[2]    ; 8.917  ;    ;    ; 8.917  ;
; MSE_SDI[3] ; port2[2]    ; 8.917  ;    ;    ; 8.917  ;
; MSE_SDI[3] ; port3[2]    ; 9.689  ;    ;    ; 9.689  ;
+------------+-------------+--------+----+----+--------+


+-----------------------------------------------------------------------------------------------------+
; Setup Transfers                                                                                     ;
+----------------------------+----------------------------+----------+----------+----------+----------+
; From Clock                 ; To Clock                   ; RR Paths ; FR Paths ; RF Paths ; FF Paths ;
+----------------------------+----------------------------+----------+----------+----------+----------+
; flash|maxii_ufm_block1|osc ; flash|maxii_ufm_block1|osc ; 311      ; 0        ; 0        ; 0        ;
+----------------------------+----------------------------+----------+----------+----------+----------+
Entries labeled "false path" only account for clock-to-clock false paths and not path-based false paths. As a result, actual path counts may be lower than reported.


+-----------------------------------------------------------------------------------------------------+
; Hold Transfers                                                                                      ;
+----------------------------+----------------------------+----------+----------+----------+----------+
; From Clock                 ; To Clock                   ; RR Paths ; FR Paths ; RF Paths ; FF Paths ;
+----------------------------+----------------------------+----------+----------+----------+----------+
; flash|maxii_ufm_block1|osc ; flash|maxii_ufm_block1|osc ; 311      ; 0        ; 0        ; 0        ;
+----------------------------+----------------------------+----------+----------+----------+----------+
Entries labeled "false path" only account for clock-to-clock false paths and not path-based false paths. As a result, actual path counts may be lower than reported.


---------------
; Report TCCS ;
---------------
No dedicated SERDES Transmitter circuitry present in device or used in design


---------------
; Report RSKM ;
---------------
No dedicated SERDES Receiver circuitry present in device or used in design


+------------------------------------------------+
; Unconstrained Paths                            ;
+---------------------------------+-------+------+
; Property                        ; Setup ; Hold ;
+---------------------------------+-------+------+
; Illegal Clocks                  ; 0     ; 0    ;
; Unconstrained Clocks            ; 0     ; 0    ;
; Unconstrained Input Ports       ; 4     ; 4    ;
; Unconstrained Input Port Paths  ; 16    ; 16   ;
; Unconstrained Output Ports      ; 16    ; 16   ;
; Unconstrained Output Port Paths ; 16    ; 16   ;
+---------------------------------+-------+------+


+------------------------------------+
; TimeQuest Timing Analyzer Messages ;
+------------------------------------+
Info: *******************************************************************
Info: Running Quartus II 32-bit TimeQuest Timing Analyzer
    Info: Version 12.1 Build 243 01/31/2013 Service Pack 1 SJ Full Version
    Info: Processing started: Sat Jun 29 11:26:27 2013
Info: Command: quartus_sta mse -c mse
Info: qsta_default_script.tcl version: #1
Info (20030): Parallel compilation is enabled and will use 4 of the 4 processors detected
Info (21077): Low junction temperature is 0 degrees C
Info (21077): High junction temperature is 85 degrees C
Info (306004): Started post-fitting delay annotation
Info (306005): Delay annotation completed successfully
Critical Warning (332012): Synopsys Design Constraints File file not found: 'mse.sdc'. A Synopsys Design Constraints File is required by the TimeQuest Timing Analyzer to get proper timing constraints. Without it, the Compiler will not properly optimize the design.
Info (332142): No user constrained generated clocks found in the design. Calling "derive_pll_clocks -create_base_clocks"
Info (332110): Deriving PLL clocks
    Info (332110): create_clock -period 181.818 -name {flash|maxii_ufm_block1|osc} {flash|maxii_ufm_block1|osc}
Info (332142): No user constrained base clocks found in the design. Calling "derive_clocks -period 1.0"
Info (332096): The command derive_clocks did not find any clocks to derive.  No clocks were created or changed.
Info: Found TIMEQUEST_REPORT_SCRIPT_INCLUDE_DEFAULT_ANALYSIS = ON
Info (332146): Worst-case setup slack is 81.818
    Info (332119):     Slack End Point TNS Clock 
    Info (332119): ========= ============= =====================
    Info (332119):    81.818         0.000 flash|maxii_ufm_block1|osc 
Critical Warning (332148): Timing requirements not met
Info (332146): Worst-case hold slack is -21.597
    Info (332119):     Slack End Point TNS Clock 
    Info (332119): ========= ============= =====================
    Info (332119):   -21.597       -41.388 flash|maxii_ufm_block1|osc 
Info (332140): No Recovery paths to report
Info (332140): No Removal paths to report
Info (332146): Worst-case minimum pulse width slack is 60.909
    Info (332119):     Slack End Point TNS Clock 
    Info (332119): ========= ============= =====================
    Info (332119):    60.909         0.000 flash|maxii_ufm_block1|osc 
Info (332001): The selected device family is not supported by the report_metastability command.
Info (332102): Design is not fully constrained for setup requirements
Info (332102): Design is not fully constrained for hold requirements
Info: Quartus II 32-bit TimeQuest Timing Analyzer was successful. 0 errors, 2 warnings
    Info: Peak virtual memory: 321 megabytes
    Info: Processing ended: Sat Jun 29 11:26:28 2013
    Info: Elapsed time: 00:00:01
    Info: Total CPU time (on all processors): 00:00:01


